Archive member included to satisfy reference by file (symbol)

c:/st/stm32cubeide_1.6.1/stm32cubeide/plugins/com.st.stm32cube.ide.mcu.externaltools.gnu-tools-for-stm32.9-2020-q2-update.win32_1.5.0.202011040924/tools/bin/../lib/gcc/arm-none-eabi/9.3.1/../../../../arm-none-eabi/lib/thumb/v7e-m+fp/hard\libstdc++_nano.a(del_ops.o)
                              Outils/CWrapper_KalmanFilter/Src/CWrapper_KalmanFilter.o (operator delete(void*, unsigned int))
c:/st/stm32cubeide_1.6.1/stm32cubeide/plugins/com.st.stm32cube.ide.mcu.externaltools.gnu-tools-for-stm32.9-2020-q2-update.win32_1.5.0.202011040924/tools/bin/../lib/gcc/arm-none-eabi/9.3.1/../../../../arm-none-eabi/lib/thumb/v7e-m+fp/hard\libstdc++_nano.a(new_op.o)
                              Outils/CWrapper_KalmanFilter/Src/CWrapper_KalmanFilter.o (operator new(unsigned int))
c:/st/stm32cubeide_1.6.1/stm32cubeide/plugins/com.st.stm32cube.ide.mcu.externaltools.gnu-tools-for-stm32.9-2020-q2-update.win32_1.5.0.202011040924/tools/bin/../lib/gcc/arm-none-eabi/9.3.1/../../../../arm-none-eabi/lib/thumb/v7e-m+fp/hard\libstdc++_nano.a(del_op.o)
                              c:/st/stm32cubeide_1.6.1/stm32cubeide/plugins/com.st.stm32cube.ide.mcu.externaltools.gnu-tools-for-stm32.9-2020-q2-update.win32_1.5.0.202011040924/tools/bin/../lib/gcc/arm-none-eabi/9.3.1/../../../../arm-none-eabi/lib/thumb/v7e-m+fp/hard\libstdc++_nano.a(del_ops.o) (operator delete(void*))
c:/st/stm32cubeide_1.6.1/stm32cubeide/plugins/com.st.stm32cube.ide.mcu.externaltools.gnu-tools-for-stm32.9-2020-q2-update.win32_1.5.0.202011040924/tools/bin/../lib/gcc/arm-none-eabi/9.3.1/../../../../arm-none-eabi/lib/thumb/v7e-m+fp/hard\libstdc++_nano.a(new_handler.o)
                              c:/st/stm32cubeide_1.6.1/stm32cubeide/plugins/com.st.stm32cube.ide.mcu.externaltools.gnu-tools-for-stm32.9-2020-q2-update.win32_1.5.0.202011040924/tools/bin/../lib/gcc/arm-none-eabi/9.3.1/../../../../arm-none-eabi/lib/thumb/v7e-m+fp/hard\libstdc++_nano.a(new_op.o) (std::get_new_handler())
c:/st/stm32cubeide_1.6.1/stm32cubeide/plugins/com.st.stm32cube.ide.mcu.externaltools.gnu-tools-for-stm32.9-2020-q2-update.win32_1.5.0.202011040924/tools/bin/../lib/gcc/arm-none-eabi/9.3.1/../../../../arm-none-eabi/lib/thumb/v7e-m+fp/hard\libm.a(lib_a-sf_sin.o)
                              Outils/Kalman_Filter/Src/kalmanFilter.o (sinf)
c:/st/stm32cubeide_1.6.1/stm32cubeide/plugins/com.st.stm32cube.ide.mcu.externaltools.gnu-tools-for-stm32.9-2020-q2-update.win32_1.5.0.202011040924/tools/bin/../lib/gcc/arm-none-eabi/9.3.1/../../../../arm-none-eabi/lib/thumb/v7e-m+fp/hard\libm.a(lib_a-w_asin.o)
                              Drivers/MPU6050/Src/mpu6050.o (asin)
c:/st/stm32cubeide_1.6.1/stm32cubeide/plugins/com.st.stm32cube.ide.mcu.externaltools.gnu-tools-for-stm32.9-2020-q2-update.win32_1.5.0.202011040924/tools/bin/../lib/gcc/arm-none-eabi/9.3.1/../../../../arm-none-eabi/lib/thumb/v7e-m+fp/hard\libm.a(lib_a-w_sqrt.o)
                              Drivers/MPU6050/Src/mpu6050.o (sqrt)
c:/st/stm32cubeide_1.6.1/stm32cubeide/plugins/com.st.stm32cube.ide.mcu.externaltools.gnu-tools-for-stm32.9-2020-q2-update.win32_1.5.0.202011040924/tools/bin/../lib/gcc/arm-none-eabi/9.3.1/../../../../arm-none-eabi/lib/thumb/v7e-m+fp/hard\libm.a(lib_a-e_asin.o)
                              c:/st/stm32cubeide_1.6.1/stm32cubeide/plugins/com.st.stm32cube.ide.mcu.externaltools.gnu-tools-for-stm32.9-2020-q2-update.win32_1.5.0.202011040924/tools/bin/../lib/gcc/arm-none-eabi/9.3.1/../../../../arm-none-eabi/lib/thumb/v7e-m+fp/hard\libm.a(lib_a-w_asin.o) (__ieee754_asin)
c:/st/stm32cubeide_1.6.1/stm32cubeide/plugins/com.st.stm32cube.ide.mcu.externaltools.gnu-tools-for-stm32.9-2020-q2-update.win32_1.5.0.202011040924/tools/bin/../lib/gcc/arm-none-eabi/9.3.1/../../../../arm-none-eabi/lib/thumb/v7e-m+fp/hard\libm.a(lib_a-e_sqrt.o)
                              c:/st/stm32cubeide_1.6.1/stm32cubeide/plugins/com.st.stm32cube.ide.mcu.externaltools.gnu-tools-for-stm32.9-2020-q2-update.win32_1.5.0.202011040924/tools/bin/../lib/gcc/arm-none-eabi/9.3.1/../../../../arm-none-eabi/lib/thumb/v7e-m+fp/hard\libm.a(lib_a-w_sqrt.o) (__ieee754_sqrt)
c:/st/stm32cubeide_1.6.1/stm32cubeide/plugins/com.st.stm32cube.ide.mcu.externaltools.gnu-tools-for-stm32.9-2020-q2-update.win32_1.5.0.202011040924/tools/bin/../lib/gcc/arm-none-eabi/9.3.1/../../../../arm-none-eabi/lib/thumb/v7e-m+fp/hard\libm.a(lib_a-ef_rem_pio2.o)
                              c:/st/stm32cubeide_1.6.1/stm32cubeide/plugins/com.st.stm32cube.ide.mcu.externaltools.gnu-tools-for-stm32.9-2020-q2-update.win32_1.5.0.202011040924/tools/bin/../lib/gcc/arm-none-eabi/9.3.1/../../../../arm-none-eabi/lib/thumb/v7e-m+fp/hard\libm.a(lib_a-sf_sin.o) (__ieee754_rem_pio2f)
c:/st/stm32cubeide_1.6.1/stm32cubeide/plugins/com.st.stm32cube.ide.mcu.externaltools.gnu-tools-for-stm32.9-2020-q2-update.win32_1.5.0.202011040924/tools/bin/../lib/gcc/arm-none-eabi/9.3.1/../../../../arm-none-eabi/lib/thumb/v7e-m+fp/hard\libm.a(lib_a-kf_cos.o)
[...]
Memory Configuration

Name             Origin             Length             Attributes
CCMRAM           0x0000000010000000 0x0000000000002000 xrw
RAM              0x0000000020000000 0x000000000000a000 xrw
FLASH            0x0000000008000000 0x0000000000040000 xr
*default*        0x0000000000000000 0xffffffffffffffff

Linker script and memory map

LOAD c:/st/stm32cubeide_1.6.1/stm32cubeide/plugins/com.st.stm32cube.ide.mcu.externaltools.gnu-tools-for-stm32.9-2020-q2-update.win32_1.5.0.202011040924/tools/bin/../lib/gcc/arm-none-eabi/9.3.1/thumb/v7e-m+fp/hard/crti.o
LOAD c:/st/stm32cubeide_1.6.1/stm32cubeide/plugins/com.st.stm32cube.ide.mcu.externaltools.gnu-tools-for-stm32.9-2020-q2-update.win32_1.5.0.202011040924/tools/bin/../lib/gcc/arm-none-eabi/9.3.1/thumb/v7e-m+fp/hard/crtbegin.o
LOAD c:/st/stm32cubeide_1.6.1/stm32cubeide/plugins/com.st.stm32cube.ide.mcu.externaltools.gnu-tools-for-stm32.9-2020-q2-update.win32_1.5.0.202011040924/tools/bin/../lib/gcc/arm-none-eabi/9.3.1/../../../../arm-none-eabi/lib/thumb/v7e-m+fp/hard/crt0.o
LOAD Core/Src/main.o
LOAD Core/Src/stm32f3xx_hal_msp.o
LOAD Core/Src/stm32f3xx_it.o
LOAD Core/Src/syscalls.o
LOAD Core/Src/sysmem.o
LOAD Core/Src/system_stm32f3xx.o
LOAD Core/Startup/startup_stm32f303vctx.o
LOAD Drivers/MPU6050/Src/mpu6050.o
LOAD Drivers/STM32F3xx_HAL_Driver/Src/stm32f3xx_hal.o
LOAD Drivers/STM32F3xx_HAL_Driver/Src/stm32f3xx_hal_cortex.o
LOAD Drivers/STM32F3xx_HAL_Driver/Src/stm32f3xx_hal_dma.o
LOAD Drivers/STM32F3xx_HAL_Driver/Src/stm32f3xx_hal_exti.o
LOAD Drivers/STM32F3xx_HAL_Driver/Src/stm32f3xx_hal_flash.o
LOAD Drivers/STM32F3xx_HAL_Driver/Src/stm32f3xx_hal_flash_ex.o
LOAD Drivers/STM32F3xx_HAL_Driver/Src/stm32f3xx_hal_gpio.o
LOAD Drivers/STM32F3xx_HAL_Driver/Src/stm32f3xx_hal_i2c.o
LOAD Drivers/STM32F3xx_HAL_Driver/Src/stm32f3xx_hal_i2c_ex.o
LOAD Drivers/STM32F3xx_HAL_Driver/Src/stm32f3xx_hal_pwr.o
LOAD Drivers/STM32F3xx_HAL_Driver/Src/stm32f3xx_hal_pwr_ex.o
LOAD Drivers/STM32F3xx_HAL_Driver/Src/stm32f3xx_hal_rcc.o
LOAD Drivers/STM32F3xx_HAL_Driver/Src/stm32f3xx_hal_rcc_ex.o
LOAD Drivers/STM32F3xx_HAL_Driver/Src/stm32f3xx_hal_tim.o
LOAD Drivers/STM32F3xx_HAL_Driver/Src/stm32f3xx_hal_tim_ex.o
LOAD Drivers/STM32F3xx_HAL_Driver/Src/stm32f3xx_hal_uart.o
LOAD Drivers/STM32F3xx_HAL_Driver/Src/stm32f3xx_hal_uart_ex.o
LOAD Outils/CWrapper_KalmanFilter/Src/CWrapper_KalmanFilter.o
LOAD Outils/Kalman_Filter/Src/kalmanFilter.o
LOAD ../Middlewares/ST/ARM/DSP/Lib\libarm_cortexM4lf_math.a
START GROUP
LOAD ../Middlewares/ST/ARM/DSP/Lib\libarm_cortexM4lf_math.a
END GROUP
START GROUP
LOAD c:/st/stm32cubeide_1.6.1/stm32cubeide/plugins/com.st.stm32cube.ide.mcu.externaltools.gnu-tools-for-stm32.9-2020-q2-update.win32_1.5.0.202011040924/tools/bin/../lib/gcc/arm-none-eabi/9.3.1/../../../../arm-none-eabi/lib/thumb/v7e-m+fp/hard\libstdc++_nano.a
LOAD c:/st/stm32cubeide_1.6.1/stm32cubeide/plugins/com.st.stm32cube.ide.mcu.externaltools.gnu-tools-for-stm32.9-2020-q2-update.win32_1.5.0.202011040924/tools/bin/../lib/gcc/arm-none-eabi/9.3.1/../../../../arm-none-eabi/lib/thumb/v7e-m+fp/hard\libsupc++_nano.a
END GROUP
LOAD c:/st/stm32cubeide_1.6.1/stm32cubeide/plugins/com.st.stm32cube.ide.mcu.externaltools.gnu-tools-for-stm32.9-2020-q2-update.win32_1.5.0.202011040924/tools/bin/../lib/gcc/arm-none-eabi/9.3.1/../../../../arm-none-eabi/lib/thumb/v7e-m+fp/hard\libstdc++_nano.a
LOAD c:/st/stm32cubeide_1.6.1/stm32cubeide/plugins/com.st.stm32cube.ide.mcu.externaltools.gnu-tools-for-stm32.9-2020-q2-update.win32_1.5.0.202011040924/tools/bin/../lib/gcc/arm-none-eabi/9.3.1/../../../../arm-none-eabi/lib/thumb/v7e-m+fp/hard\libm.a
LOAD c:/st/stm32cubeide_1.6.1/stm32cubeide/plugins/com.st.stm32cube.ide.mcu.externaltools.gnu-tools-for-stm32.9-2020-q2-update.win32_1.5.0.202011040924/tools/bin/../lib/gcc/arm-none-eabi/9.3.1/../../../../arm-none-eabi/lib/thumb/v7e-m+fp/hard\libc_nano.a
START GROUP
LOAD c:/st/stm32cubeide_1.6.1/stm32cubeide/plugins/com.st.stm32cube.ide.mcu.externaltools.gnu-tools-for-stm32.9-2020-q2-update.win32_1.5.0.202011040924/tools/bin/../lib/gcc/arm-none-eabi/9.3.1/thumb/v7e-m+fp/hard\libgcc.a
LOAD c:/st/stm32cubeide_1.6.1/stm32cubeide/plugins/com.st.stm32cube.ide.mcu.externaltools.gnu-tools-for-stm32.9-2020-q2-update.win32_1.5.0.202011040924/tools/bin/../lib/gcc/arm-none-eabi/9.3.1/../../../../arm-none-eabi/lib/thumb/v7e-m+fp/hard\libc_nano.a
END GROUP
START GROUP
LOAD c:/st/stm32cubeide_1.6.1/stm32cubeide/plugins/com.st.stm32cube.ide.mcu.externaltools.gnu-tools-for-stm32.9-2020-q2-update.win32_1.5.0.202011040924/tools/bin/../lib/gcc/arm-none-eabi/9.3.1/thumb/v7e-m+fp/hard\libgcc.a
LOAD c:/st/stm32cubeide_1.6.1/stm32cubeide/plugins/com.st.stm32cube.ide.mcu.externaltools.gnu-tools-for-stm32.9-2020-q2-update.win32_1.5.0.202011040924/tools/bin/../lib/gcc/arm-none-eabi/9.3.1/../../../../arm-none-eabi/lib/thumb/v7e-m+fp/hard\libc_nano.a
LOAD c:/st/stm32cubeide_1.6.1/stm32cubeide/plugins/com.st.stm32cube.ide.mcu.externaltools.gnu-tools-for-stm32.9-2020-q2-update.win32_1.5.0.202011040924/tools/bin/../lib/gcc/arm-none-eabi/9.3.1/../../../../arm-none-eabi/lib/thumb/v7e-m+fp/hard\libnosys.a
END GROUP
START GROUP
LOAD c:/st/stm32cubeide_1.6.1/stm32cubeide/plugins/com.st.stm32cube.ide.mcu.externaltools.gnu-tools-for-stm32.9-2020-q2-update.win32_1.5.0.202011040924/tools/bin/../lib/gcc/arm-none-eabi/9.3.1/thumb/v7e-m+fp/hard\libgcc.a
LOAD c:/st/stm32cubeide_1.6.1/stm32cubeide/plugins/com.st.stm32cube.ide.mcu.externaltools.gnu-tools-for-stm32.9-2020-q2-update.win32_1.5.0.202011040924/tools/bin/../lib/gcc/arm-none-eabi/9.3.1/../../../../arm-none-eabi/lib/thumb/v7e-m+fp/hard\libc_nano.a
LOAD c:/st/stm32cubeide_1.6.1/stm32cubeide/plugins/com.st.stm32cube.ide.mcu.externaltools.gnu-tools-for-stm32.9-2020-q2-update.win32_1.5.0.202011040924/tools/bin/../lib/gcc/arm-none-eabi/9.3.1/../../../../arm-none-eabi/lib/thumb/v7e-m+fp/hard\libnosys.a
END GROUP
LOAD c:/st/stm32cubeide_1.6.1/stm32cubeide/plugins/com.st.stm32cube.ide.mcu.externaltools.gnu-tools-for-stm32.9-2020-q2-update.win32_1.5.0.202011040924/tools/bin/../lib/gcc/arm-none-eabi/9.3.1/thumb/v7e-m+fp/hard/crtend.o
LOAD c:/st/stm32cubeide_1.6.1/stm32cubeide/plugins/com.st.stm32cube.ide.mcu.externaltools.gnu-tools-for-stm32.9-2020-q2-update.win32_1.5.0.202011040924/tools/bin/../lib/gcc/arm-none-eabi/9.3.1/thumb/v7e-m+fp/hard/crtn.o
                0x000000002000a000                _estack = (ORIGIN (RAM) + LENGTH (RAM))
                0x0000000000000200                _Min_Heap_Size = 0x200
                0x0000000000000400                _Min_Stack_Size = 0x400

.isr_vector     0x0000000008000000      0x188
                0x0000000008000000                . = ALIGN (0x4)
 *(.isr_vector)
 .isr_vector    0x0000000008000000      0x188 Core/Startup/startup_stm32f303vctx.o
                0x0000000008000000                g_pfnVectors
                0x0000000008000188                . = ALIGN (0x4)

.text           0x0000000008000188     0x52cc
                0x0000000008000188                . = ALIGN (0x4)
 *(.text)
 .text          0x0000000008000188       0x40 c:/st/stm32cubeide_1.6.1/stm32cubeide/plugins/com.st.stm32cube.ide.mcu.externaltools.gnu-tools-for-stm32.9-2020-q2-update.win32_1.5.0.202011040924/tools/bin/../lib/gcc/arm-none-eabi/9.3.1/thumb/v7e-m+fp/hard/crtbegin.o
 .text          0x00000000080001c8      0x378 c:/st/stm32cubeide_1.6.1/stm32cubeide/plugins/com.st.stm32cube.ide.mcu.externaltools.gnu-tools-for-stm32.9-2020-q2-update.win32_1.5.0.202011040924/tools/bin/../lib/gcc/arm-none-eabi/9.3.1/thumb/v7e-m+fp/hard\libgcc.a(_arm_addsubdf3.o)
                0x00000000080001c8                __aeabi_drsub
                0x00000000080001d0                __aeabi_dsub
                0x00000000080001d0                __subdf3
                0x00000000080001d4                __aeabi_dadd
                0x00000000080001d4                __adddf3
                0x000000000800044c                __floatunsidf
                0x000000000800044c                __aeabi_ui2d
                0x000000000800046c                __floatsidf
                0x000000000800046c                __aeabi_i2d
                0x0000000008000490                __aeabi_f2d
                0x0000000008000490                __extendsfdf2
                0x00000000080004d4                __floatundidf
                0x00000000080004d4                __aeabi_ul2d
                0x00000000080004e4                __floatdidf
                0x00000000080004e4                __aeabi_l2d
 .text          0x0000000008000540      0x424 c:/st/stm32cubeide_1.6.1/stm32cubeide/plugins/com.st.stm32cube.ide.mcu.externaltools.gnu-tools-for-stm32.9-2020-q2-update.win32_1.5.0.202011040924/tools/bin/../lib/gcc/arm-none-eabi/9.3.1/thumb/v7e-m+fp/hard\libgcc.a(_arm_muldivdf3.o)
                0x0000000008000540                __aeabi_dmul
                0x0000000008000540                __muldf3
                0x0000000008000794                __divdf3
                0x0000000008000794                __aeabi_ddiv
 .text          0x0000000008000964      0x110 c:/st/stm32cubeide_1.6.1/stm32cubeide/plugins/com.st.stm32cube.ide.mcu.externaltools.gnu-tools-for-stm32.9-2020-q2-update.win32_1.5.0.202011040924/tools/bin/../lib/gcc/arm-none-eabi/9.3.1/thumb/v7e-m+fp/hard\libgcc.a(_arm_cmpdf2.o)
                0x0000000008000964                __gtdf2
                0x0000000008000964                __gedf2
                0x000000000800096c                __ltdf2
                0x000000000800096c                __ledf2
                0x0000000008000974                __nedf2
                0x0000000008000974                __eqdf2
                0x0000000008000974                __cmpdf2
                0x00000000080009f0                __aeabi_cdrcmple
                0x0000000008000a00                __aeabi_cdcmpeq
                0x0000000008000a00                __aeabi_cdcmple
                0x0000000008000a10                __aeabi_dcmpeq
                0x0000000008000a24                __aeabi_dcmplt
                0x0000000008000a38                __aeabi_dcmple
                0x0000000008000a4c                __aeabi_dcmpge
                0x0000000008000a60                __aeabi_dcmpgt
 .text          0x0000000008000a74       0x2c c:/st/stm32cubeide_1.6.1/stm32cubeide/plugins/com.st.stm32cube.ide.mcu.externaltools.gnu-tools-for-stm32.9-2020-q2-update.win32_1.5.0.202011040924/tools/bin/../lib/gcc/arm-none-eabi/9.3.1/thumb/v7e-m+fp/hard\libgcc.a(_arm_unorddf2.o)
                0x0000000008000a74                __unorddf2
                0x0000000008000a74                __aeabi_dcmpun
 .text          0x0000000008000aa0       0xa0 c:/st/stm32cubeide_1.6.1/stm32cubeide/plugins/com.st.stm32cube.ide.mcu.externaltools.gnu-tools-for-stm32.9-2020-q2-update.win32_1.5.0.202011040924/tools/bin/../lib/gcc/arm-none-eabi/9.3.1/thumb/v7e-m+fp/hard\libgcc.a(_arm_truncdfsf2.o)
                0x0000000008000aa0                __truncdfsf2
                0x0000000008000aa0                __aeabi_d2f
 *(.text*)
 .text.main     0x0000000008000b40       0x9c Core/Src/main.o
                0x0000000008000b40                main
 .text._init_get_us
                0x0000000008000bdc       0x24 Core/Src/main.o
                0x0000000008000bdc                _init_get_us
 .text.get_us   0x0000000008000c00       0x30 Core/Src/main.o
                0x0000000008000c00                get_us
 .text.SystemClock_Config
                0x0000000008000c30       0xbc Core/Src/main.o
                0x0000000008000c30                SystemClock_Config
 .text.MX_I2C1_Init
                0x0000000008000cec       0x80 Core/Src/main.o
 .text.MX_USART1_UART_Init
                0x0000000008000d6c       0x60 Core/Src/main.o
 .text.MX_DMA_Init
                0x0000000008000dcc       0x3c Core/Src/main.o
 .text.MX_GPIO_Init
                0x0000000008000e08       0xe4 Core/Src/main.o
 .text.Error_Handler
                0x0000000008000eec        0xa Core/Src/main.o
                0x0000000008000eec                Error_Handler
 *fill*         0x0000000008000ef6        0x2 
 .text.HAL_MspInit
                0x0000000008000ef8       0x48 Core/Src/stm32f3xx_hal_msp.o
                0x0000000008000ef8                HAL_MspInit
 .text.HAL_I2C_MspInit
                0x0000000008000f40       0x88 Core/Src/stm32f3xx_hal_msp.o
                0x0000000008000f40                HAL_I2C_MspInit
 .text.HAL_UART_MspInit
                0x0000000008000fc8       0xdc Core/Src/stm32f3xx_hal_msp.o
                0x0000000008000fc8                HAL_UART_MspInit
 .text.NMI_Handler
                0x00000000080010a4        0x6 Core/Src/stm32f3xx_it.o
                0x00000000080010a4                NMI_Handler
 .text.HardFault_Handler
                0x00000000080010aa        0x6 Core/Src/stm32f3xx_it.o
                0x00000000080010aa                HardFault_Handler
 .text.MemManage_Handler
                0x00000000080010b0        0x6 Core/Src/stm32f3xx_it.o
                0x00000000080010b0                MemManage_Handler
 .text.BusFault_Handler
                0x00000000080010b6        0x6 Core/Src/stm32f3xx_it.o
                0x00000000080010b6                BusFault_Handler
 .text.UsageFault_Handler
                0x00000000080010bc        0x6 Core/Src/stm32f3xx_it.o
                0x00000000080010bc                UsageFault_Handler
 .text.SVC_Handler
                0x00000000080010c2        0xe Core/Src/stm32f3xx_it.o
                0x00000000080010c2                SVC_Handler
 .text.DebugMon_Handler
                0x00000000080010d0        0xe Core/Src/stm32f3xx_it.o
                0x00000000080010d0                DebugMon_Handler
 .text.PendSV_Handler
                0x00000000080010de        0xe Core/Src/stm32f3xx_it.o
                0x00000000080010de                PendSV_Handler
 .text.SysTick_Handler
                0x00000000080010ec        0xc Core/Src/stm32f3xx_it.o
                0x00000000080010ec                SysTick_Handler
 .text.DMA1_Channel5_IRQHandler
                0x00000000080010f8       0x14 Core/Src/stm32f3xx_it.o
                0x00000000080010f8                DMA1_Channel5_IRQHandler
 .text._getpid  0x000000000800110c       0x10 Core/Src/syscalls.o
                0x000000000800110c                _getpid
 .text._kill    0x000000000800111c       0x20 Core/Src/syscalls.o
                0x000000000800111c                _kill
 .text._exit    0x000000000800113c       0x14 Core/Src/syscalls.o
                0x000000000800113c                _exit
 .text._sbrk    0x0000000008001150       0x6c Core/Src/sysmem.o
                0x0000000008001150                _sbrk
 .text.SystemInit
                0x00000000080011bc       0x24 Core/Src/system_stm32f3xx.o
                0x00000000080011bc                SystemInit
 .text.Reset_Handler
                0x00000000080011e0       0x50 Core/Startup/startup_stm32f303vctx.o
                0x00000000080011e0                Reset_Handler
 .text.Default_Handler
                0x0000000008001230        0x2 Core/Startup/startup_stm32f303vctx.o
                0x0000000008001230                RTC_Alarm_IRQHandler
                0x0000000008001230                TIM8_TRG_COM_IRQHandler
                0x0000000008001230                TIM8_CC_IRQHandler
                0x0000000008001230                TIM1_CC_IRQHandler
                0x0000000008001230                USB_HP_IRQHandler
                0x0000000008001230                PVD_IRQHandler
                0x0000000008001230                TAMP_STAMP_IRQHandler
                0x0000000008001230                EXTI3_IRQHandler
                0x0000000008001230                USB_HP_CAN_TX_IRQHandler
                0x0000000008001230                EXTI0_IRQHandler
                0x0000000008001230                I2C2_EV_IRQHandler
                0x0000000008001230                FPU_IRQHandler
                0x0000000008001230                TIM1_UP_TIM16_IRQHandler
                0x0000000008001230                ADC1_2_IRQHandler
                0x0000000008001230                SPI1_IRQHandler
                0x0000000008001230                CAN_SCE_IRQHandler
                0x0000000008001230                TIM6_DAC_IRQHandler
                0x0000000008001230                TIM8_UP_IRQHandler
                0x0000000008001230                DMA2_Channel2_IRQHandler
                0x0000000008001230                DMA1_Channel4_IRQHandler
                0x0000000008001230                USART3_IRQHandler
                0x0000000008001230                DMA1_Channel7_IRQHandler
                0x0000000008001230                UART5_IRQHandler
                0x0000000008001230                ADC3_IRQHandler
                0x0000000008001230                TIM4_IRQHandler
                0x0000000008001230                CAN_RX1_IRQHandler
                0x0000000008001230                DMA2_Channel1_IRQHandler
                0x0000000008001230                I2C1_EV_IRQHandler
                0x0000000008001230                DMA1_Channel6_IRQHandler
                0x0000000008001230                UART4_IRQHandler
                0x0000000008001230                DMA2_Channel4_IRQHandler
                0x0000000008001230                TIM3_IRQHandler
                0x0000000008001230                RCC_IRQHandler
                0x0000000008001230                DMA1_Channel1_IRQHandler
                0x0000000008001230                Default_Handler
                0x0000000008001230                USBWakeUp_RMP_IRQHandler
                0x0000000008001230                EXTI15_10_IRQHandler
                0x0000000008001230                TIM7_IRQHandler
                0x0000000008001230                EXTI9_5_IRQHandler
                0x0000000008001230                RTC_WKUP_IRQHandler
                0x0000000008001230                SPI2_IRQHandler
                0x0000000008001230                USB_LP_CAN_RX0_IRQHandler
                0x0000000008001230                DMA2_Channel5_IRQHandler
                0x0000000008001230                USB_LP_IRQHandler
                0x0000000008001230                EXTI4_IRQHandler
                0x0000000008001230                TIM1_TRG_COM_TIM17_IRQHandler
                0x0000000008001230                DMA1_Channel3_IRQHandler
                0x0000000008001230                ADC4_IRQHandler
                0x0000000008001230                WWDG_IRQHandler
                0x0000000008001230                TIM2_IRQHandler
                0x0000000008001230                COMP7_IRQHandler
                0x0000000008001230                COMP1_2_3_IRQHandler
                0x0000000008001230                EXTI1_IRQHandler
                0x0000000008001230                USART2_IRQHandler
                0x0000000008001230                COMP4_5_6_IRQHandler
                0x0000000008001230                I2C2_ER_IRQHandler
                0x0000000008001230                DMA1_Channel2_IRQHandler
                0x0000000008001230                TIM8_BRK_IRQHandler
                0x0000000008001230                FLASH_IRQHandler
                0x0000000008001230                USART1_IRQHandler
                0x0000000008001230                SPI3_IRQHandler
                0x0000000008001230                I2C1_ER_IRQHandler
                0x0000000008001230                USBWakeUp_IRQHandler
                0x0000000008001230                DMA2_Channel3_IRQHandler
                0x0000000008001230                EXTI2_TSC_IRQHandler
                0x0000000008001230                TIM1_BRK_TIM15_IRQHandler
 *fill*         0x0000000008001232        0x2 
 .text.MPU6050_Init
                0x0000000008001234      0x14c Drivers/MPU6050/Src/mpu6050.o
                0x0000000008001234                MPU6050_Init
 .text.MPU6050_GET_ACC
                0x0000000008001380      0x148 Drivers/MPU6050/Src/mpu6050.o
                0x0000000008001380                MPU6050_GET_ACC
 .text.MPU6050_GET_GYRO
                0x00000000080014c8       0xdc Drivers/MPU6050/Src/mpu6050.o
                0x00000000080014c8                MPU6050_GET_GYRO
 .text.MPU6050_GET_NO_CAILB_GYRO
                0x00000000080015a4       0xb0 Drivers/MPU6050/Src/mpu6050.o
                0x00000000080015a4                MPU6050_GET_NO_CAILB_GYRO
 .text.MPU6050_GYRO_CALIB
                0x0000000008001654       0xdc Drivers/MPU6050/Src/mpu6050.o
                0x0000000008001654                MPU6050_GYRO_CALIB
 .text._get_acc_angle
                0x0000000008001730      0x100 Drivers/MPU6050/Src/mpu6050.o
                0x0000000008001730                _get_acc_angle
 .text.map      0x0000000008001830       0x5c Drivers/MPU6050/Src/mpu6050.o
                0x0000000008001830                map
 .text.HAL_Init
                0x000000000800188c       0x2c Drivers/STM32F3xx_HAL_Driver/Src/stm32f3xx_hal.o
                0x000000000800188c                HAL_Init
 .text.HAL_InitTick
                0x00000000080018b8       0x60 Drivers/STM32F3xx_HAL_Driver/Src/stm32f3xx_hal.o
                0x00000000080018b8                HAL_InitTick
 .text.HAL_IncTick
                0x0000000008001918       0x28 Drivers/STM32F3xx_HAL_Driver/Src/stm32f3xx_hal.o
                0x0000000008001918                HAL_IncTick
 .text.HAL_GetTick
                0x0000000008001940       0x18 Drivers/STM32F3xx_HAL_Driver/Src/stm32f3xx_hal.o
                0x0000000008001940                HAL_GetTick
 .text.HAL_Delay
                0x0000000008001958       0x48 Drivers/STM32F3xx_HAL_Driver/Src/stm32f3xx_hal.o
                0x0000000008001958                HAL_Delay
 .text.__NVIC_SetPriorityGrouping
                0x00000000080019a0       0x48 Drivers/STM32F3xx_HAL_Driver/Src/stm32f3xx_hal_cortex.o
 .text.__NVIC_GetPriorityGrouping
                0x00000000080019e8       0x1c Drivers/STM32F3xx_HAL_Driver/Src/stm32f3xx_hal_cortex.o
 .text.__NVIC_EnableIRQ
                0x0000000008001a04       0x3c Drivers/STM32F3xx_HAL_Driver/Src/stm32f3xx_hal_cortex.o
 .text.__NVIC_SetPriority
                0x0000000008001a40       0x54 Drivers/STM32F3xx_HAL_Driver/Src/stm32f3xx_hal_cortex.o
 .text.NVIC_EncodePriority
                0x0000000008001a94       0x66 Drivers/STM32F3xx_HAL_Driver/Src/stm32f3xx_hal_cortex.o
 *fill*         0x0000000008001afa        0x2 
 .text.SysTick_Config
                0x0000000008001afc       0x44 Drivers/STM32F3xx_HAL_Driver/Src/stm32f3xx_hal_cortex.o
 .text.HAL_NVIC_SetPriorityGrouping
                0x0000000008001b40       0x16 Drivers/STM32F3xx_HAL_Driver/Src/stm32f3xx_hal_cortex.o
                0x0000000008001b40                HAL_NVIC_SetPriorityGrouping
 .text.HAL_NVIC_SetPriority
                0x0000000008001b56       0x38 Drivers/STM32F3xx_HAL_Driver/Src/stm32f3xx_hal_cortex.o
                0x0000000008001b56                HAL_NVIC_SetPriority
 .text.HAL_NVIC_EnableIRQ
                0x0000000008001b8e       0x1c Drivers/STM32F3xx_HAL_Driver/Src/stm32f3xx_hal_cortex.o
                0x0000000008001b8e                HAL_NVIC_EnableIRQ
 .text.HAL_SYSTICK_Config
                0x0000000008001baa       0x18 Drivers/STM32F3xx_HAL_Driver/Src/stm32f3xx_hal_cortex.o
                0x0000000008001baa                HAL_SYSTICK_Config
 .text.HAL_DMA_Init
                0x0000000008001bc2       0x8e Drivers/STM32F3xx_HAL_Driver/Src/stm32f3xx_hal_dma.o
                0x0000000008001bc2                HAL_DMA_Init
 .text.HAL_DMA_IRQHandler
                0x0000000008001c50      0x146 Drivers/STM32F3xx_HAL_Driver/Src/stm32f3xx_hal_dma.o
                0x0000000008001c50                HAL_DMA_IRQHandler
 *fill*         0x0000000008001d96        0x2 
 .text.DMA_CalcBaseAndBitshift
                0x0000000008001d98       0x78 Drivers/STM32F3xx_HAL_Driver/Src/stm32f3xx_hal_dma.o
 .text.HAL_GPIO_Init
                0x0000000008001e10      0x2f4 Drivers/STM32F3xx_HAL_Driver/Src/stm32f3xx_hal_gpio.o
                0x0000000008001e10                HAL_GPIO_Init
 .text.HAL_GPIO_WritePin
                0x0000000008002104       0x30 Drivers/STM32F3xx_HAL_Driver/Src/stm32f3xx_hal_gpio.o
                0x0000000008002104                HAL_GPIO_WritePin
 .text.HAL_GPIO_TogglePin
                0x0000000008002134       0x34 Drivers/STM32F3xx_HAL_Driver/Src/stm32f3xx_hal_gpio.o
                0x0000000008002134                HAL_GPIO_TogglePin
 .text.HAL_I2C_Init
                0x0000000008002168      0x11e Drivers/STM32F3xx_HAL_Driver/Src/stm32f3xx_hal_i2c.o
                0x0000000008002168                HAL_I2C_Init
 *fill*         0x0000000008002286        0x2 
 .text.HAL_I2C_Mem_Write
                0x0000000008002288      0x228 Drivers/STM32F3xx_HAL_Driver/Src/stm32f3xx_hal_i2c.o
                0x0000000008002288                HAL_I2C_Mem_Write
 .text.HAL_I2C_Mem_Read
                0x00000000080024b0      0x234 Drivers/STM32F3xx_HAL_Driver/Src/stm32f3xx_hal_i2c.o
                0x00000000080024b0                HAL_I2C_Mem_Read
 .text.I2C_RequestMemoryWrite
                0x00000000080026e4       0xa8 Drivers/STM32F3xx_HAL_Driver/Src/stm32f3xx_hal_i2c.o
 .text.I2C_RequestMemoryRead
                0x000000000800278c       0xa8 Drivers/STM32F3xx_HAL_Driver/Src/stm32f3xx_hal_i2c.o
 .text.I2C_Flush_TXDR
                0x0000000008002834       0x48 Drivers/STM32F3xx_HAL_Driver/Src/stm32f3xx_hal_i2c.o
 .text.I2C_WaitOnFlagUntilTimeout
                0x000000000800287c       0x80 Drivers/STM32F3xx_HAL_Driver/Src/stm32f3xx_hal_i2c.o
 .text.I2C_WaitOnTXISFlagUntilTimeout
                0x00000000080028fc       0x80 Drivers/STM32F3xx_HAL_Driver/Src/stm32f3xx_hal_i2c.o
 .text.I2C_WaitOnSTOPFlagUntilTimeout
                0x000000000800297c       0x78 Drivers/STM32F3xx_HAL_Driver/Src/stm32f3xx_hal_i2c.o
 .text.I2C_IsAcknowledgeFailed
                0x00000000080029f4       0xcc Drivers/STM32F3xx_HAL_Driver/Src/stm32f3xx_hal_i2c.o
 .text.I2C_TransferConfig
                0x0000000008002ac0       0x5c Drivers/STM32F3xx_HAL_Driver/Src/stm32f3xx_hal_i2c.o
 .text.HAL_I2CEx_ConfigAnalogFilter
                0x0000000008002b1c       0x96 Drivers/STM32F3xx_HAL_Driver/Src/stm32f3xx_hal_i2c_ex.o
                0x0000000008002b1c                HAL_I2CEx_ConfigAnalogFilter
 .text.HAL_I2CEx_ConfigDigitalFilter
                0x0000000008002bb2       0x98 Drivers/STM32F3xx_HAL_Driver/Src/stm32f3xx_hal_i2c_ex.o
                0x0000000008002bb2                HAL_I2CEx_ConfigDigitalFilter
 *fill*         0x0000000008002c4a        0x2 
 .text.HAL_RCC_OscConfig
                0x0000000008002c4c      0xe10 Drivers/STM32F3xx_HAL_Driver/Src/stm32f3xx_hal_rcc.o
                0x0000000008002c4c                HAL_RCC_OscConfig
 .text.HAL_RCC_ClockConfig
                0x0000000008003a5c      0x2f8 Drivers/STM32F3xx_HAL_Driver/Src/stm32f3xx_hal_rcc.o
                0x0000000008003a5c                HAL_RCC_ClockConfig
 .text.HAL_RCC_GetSysClockFreq
                0x0000000008003d54       0xd4 Drivers/STM32F3xx_HAL_Driver/Src/stm32f3xx_hal_rcc.o
                0x0000000008003d54                HAL_RCC_GetSysClockFreq
 .text.HAL_RCC_GetHCLKFreq
                0x0000000008003e28       0x18 Drivers/STM32F3xx_HAL_Driver/Src/stm32f3xx_hal_rcc.o
                0x0000000008003e28                HAL_RCC_GetHCLKFreq
 .text.HAL_RCC_GetPCLK1Freq
                0x0000000008003e40       0x44 Drivers/STM32F3xx_HAL_Driver/Src/stm32f3xx_hal_rcc.o
                0x0000000008003e40                HAL_RCC_GetPCLK1Freq
 .text.HAL_RCC_GetPCLK2Freq
                0x0000000008003e84       0x44 Drivers/STM32F3xx_HAL_Driver/Src/stm32f3xx_hal_rcc.o
                0x0000000008003e84                HAL_RCC_GetPCLK2Freq
 .text.HAL_RCCEx_PeriphCLKConfig
                0x0000000008003ec8      0x360 Drivers/STM32F3xx_HAL_Driver/Src/stm32f3xx_hal_rcc_ex.o
                0x0000000008003ec8                HAL_RCCEx_PeriphCLKConfig
 .text.HAL_UART_Init
                0x0000000008004228       0x9c Drivers/STM32F3xx_HAL_Driver/Src/stm32f3xx_hal_uart.o
                0x0000000008004228                HAL_UART_Init
 .text.UART_SetConfig
                0x00000000080042c4      0x3a8 Drivers/STM32F3xx_HAL_Driver/Src/stm32f3xx_hal_uart.o
                0x00000000080042c4                UART_SetConfig
 .text.UART_AdvFeatureConfig
                0x000000000800466c      0x144 Drivers/STM32F3xx_HAL_Driver/Src/stm32f3xx_hal_uart.o
                0x000000000800466c                UART_AdvFeatureConfig
 .text.UART_CheckIdleState
                0x00000000080047b0       0x92 Drivers/STM32F3xx_HAL_Driver/Src/stm32f3xx_hal_uart.o
                0x00000000080047b0                UART_CheckIdleState
 .text.UART_WaitOnFlagUntilTimeout
                0x0000000008004842       0xf8 Drivers/STM32F3xx_HAL_Driver/Src/stm32f3xx_hal_uart.o
                0x0000000008004842                UART_WaitOnFlagUntilTimeout
 .text.newKalmanFilter
                0x000000000800493a       0x1a Outils/CWrapper_KalmanFilter/Src/CWrapper_KalmanFilter.o
                0x000000000800493a                newKalmanFilter
 .text.KalmanFilter_set
                0x0000000008004954       0x1a Outils/CWrapper_KalmanFilter/Src/CWrapper_KalmanFilter.o
                0x0000000008004954                KalmanFilter_set
 .text.deleteKalmanFilter
                0x000000000800496e       0x1e Outils/CWrapper_KalmanFilter/Src/CWrapper_KalmanFilter.o
                0x000000000800496e                deleteKalmanFilter
 .text._ZN12KalmanFilterC2Ev
                0x000000000800498c      0x118 Outils/Kalman_Filter/Src/kalmanFilter.o
                0x000000000800498c                KalmanFilter::KalmanFilter()
                0x000000000800498c                KalmanFilter::KalmanFilter()
 .text._ZN12KalmanFilter3setEi
                0x0000000008004aa4       0x1c Outils/Kalman_Filter/Src/kalmanFilter.o
                0x0000000008004aa4                KalmanFilter::set(int)
 .text._ZdlPvj  0x0000000008004ac0        0x4 c:/st/stm32cubeide_1.6.1/stm32cubeide/plugins/com.st.stm32cube.ide.mcu.externaltools.gnu-tools-for-stm32.9-2020-q2-update.win32_1.5.0.202011040924/tools/bin/../lib/gcc/arm-none-eabi/9.3.1/../../../../arm-none-eabi/lib/thumb/v7e-m+fp/hard\libstdc++_nano.a(del_ops.o)
                0x0000000008004ac0                operator delete(void*, unsigned int)
 .text._Znwj    0x0000000008004ac4       0x22 c:/st/stm32cubeide_1.6.1/stm32cubeide/plugins/com.st.stm32cube.ide.mcu.externaltools.gnu-tools-for-stm32.9-2020-q2-update.win32_1.5.0.202011040924/tools/bin/../lib/gcc/arm-none-eabi/9.3.1/../../../../arm-none-eabi/lib/thumb/v7e-m+fp/hard\libstdc++_nano.a(new_op.o)
                0x0000000008004ac4                operator new(unsigned int)
 .text._ZdlPv   0x0000000008004ae6        0x4 c:/st/stm32cubeide_1.6.1/stm32cubeide/plugins/com.st.stm32cube.ide.mcu.externaltools.gnu-tools-for-stm32.9-2020-q2-update.win32_1.5.0.202011040924/tools/bin/../lib/gcc/arm-none-eabi/9.3.1/../../../../arm-none-eabi/lib/thumb/v7e-m+fp/hard\libstdc++_nano.a(del_op.o)
                0x0000000008004ae6                operator delete(void*)
 *fill*         0x0000000008004aea        0x2 
 .text._ZSt15get_new_handlerv
                0x0000000008004aec       0x10 c:/st/stm32cubeide_1.6.1/stm32cubeide/plugins/com.st.stm32cube.ide.mcu.externaltools.gnu-tools-for-stm32.9-2020-q2-update.win32_1.5.0.202011040924/tools/bin/../lib/gcc/arm-none-eabi/9.3.1/../../../../arm-none-eabi/lib/thumb/v7e-m+fp/hard\libstdc++_nano.a(new_handler.o)
                0x0000000008004aec                std::get_new_handler()
 .text.asin     0x0000000008004afc       0x74 c:/st/stm32cubeide_1.6.1/stm32cubeide/plugins/com.st.stm32cube.ide.mcu.externaltools.gnu-tools-for-stm32.9-2020-q2-update.win32_1.5.0.202011040924/tools/bin/../lib/gcc/arm-none-eabi/9.3.1/../../../../arm-none-eabi/lib/thumb/v7e-m+fp/hard\libm.a(lib_a-w_asin.o)
                0x0000000008004afc                asin
 .text.sqrt     0x0000000008004b70       0x68 c:/st/stm32cubeide_1.6.1/stm32cubeide/plugins/com.st.stm32cube.ide.mcu.externaltools.gnu-tools-for-stm32.9-2020-q2-update.win32_1.5.0.202011040924/tools/bin/../lib/gcc/arm-none-eabi/9.3.1/../../../../arm-none-eabi/lib/thumb/v7e-m+fp/hard\libm.a(lib_a-w_sqrt.o)
                0x0000000008004b70                sqrt
 .text.__ieee754_asin
                0x0000000008004bd8      0x428 c:/st/stm32cubeide_1.6.1/stm32cubeide/plugins/com.st.stm32cube.ide.mcu.externaltools.gnu-tools-for-stm32.9-2020-q2-update.win32_1.5.0.202011040924/tools/bin/../lib/gcc/arm-none-eabi/9.3.1/../../../../arm-none-eabi/lib/thumb/v7e-m+fp/hard\libm.a(lib_a-e_asin.o)
                0x0000000008004bd8                __ieee754_asin
 .text.__ieee754_sqrt
                0x0000000008005000      0x168 c:/st/stm32cubeide_1.6.1/stm32cubeide/plugins/com.st.stm32cube.ide.mcu.externaltools.gnu-tools-for-stm32.9-2020-q2-update.win32_1.5.0.202011040924/tools/bin/../lib/gcc/arm-none-eabi/9.3.1/../../../../arm-none-eabi/lib/thumb/v7e-m+fp/hard\libm.a(lib_a-e_sqrt.o)
                0x0000000008005000                __ieee754_sqrt
 .text.fabs     0x0000000008005168       0x12 c:/st/stm32cubeide_1.6.1/stm32cubeide/plugins/com.st.stm32cube.ide.mcu.externaltools.gnu-tools-for-stm32.9-2020-q2-update.win32_1.5.0.202011040924/tools/bin/../lib/gcc/arm-none-eabi/9.3.1/../../../../arm-none-eabi/lib/thumb/v7e-m+fp/hard\libm.a(lib_a-s_fabs.o)
                0x0000000008005168                fabs
 *fill*         0x000000000800517a        0x6 
 .text.nan      0x0000000008005180       0x10 c:/st/stm32cubeide_1.6.1/stm32cubeide/plugins/com.st.stm32cube.ide.mcu.externaltools.gnu-tools-for-stm32.9-2020-q2-update.win32_1.5.0.202011040924/tools/bin/../lib/gcc/arm-none-eabi/9.3.1/../../../../arm-none-eabi/lib/thumb/v7e-m+fp/hard\libm.a(lib_a-s_nan.o)
                0x0000000008005180                nan
 .text.abort    0x0000000008005190        0xe c:/st/stm32cubeide_1.6.1/stm32cubeide/plugins/com.st.stm32cube.ide.mcu.externaltools.gnu-tools-for-stm32.9-2020-q2-update.win32_1.5.0.202011040924/tools/bin/../lib/gcc/arm-none-eabi/9.3.1/../../../../arm-none-eabi/lib/thumb/v7e-m+fp/hard\libc_nano.a(lib_a-abort.o)
                0x0000000008005190                abort
 *fill*         0x000000000800519e        0x2 
 .text.__errno  0x00000000080051a0        0xc c:/st/stm32cubeide_1.6.1/stm32cubeide/plugins/com.st.stm32cube.ide.mcu.externaltools.gnu-tools-for-stm32.9-2020-q2-update.win32_1.5.0.202011040924/tools/bin/../lib/gcc/arm-none-eabi/9.3.1/../../../../arm-none-eabi/lib/thumb/v7e-m+fp/hard\libc_nano.a(lib_a-errno.o)
                0x00000000080051a0                __errno
 .text.__libc_init_array
                0x00000000080051ac       0x48 c:/st/stm32cubeide_1.6.1/stm32cubeide/plugins/com.st.stm32cube.ide.mcu.externaltools.gnu-tools-for-stm32.9-2020-q2-update.win32_1.5.0.202011040924/tools/bin/../lib/gcc/arm-none-eabi/9.3.1/../../../../arm-none-eabi/lib/thumb/v7e-m+fp/hard\libc_nano.a(lib_a-init.o)
                0x00000000080051ac                __libc_init_array
 .text.malloc   0x00000000080051f4       0x10 c:/st/stm32cubeide_1.6.1/stm32cubeide/plugins/com.st.stm32cube.ide.mcu.externaltools.gnu-tools-for-stm32.9-2020-q2-update.win32_1.5.0.202011040924/tools/bin/../lib/gcc/arm-none-eabi/9.3.1/../../../../arm-none-eabi/lib/thumb/v7e-m+fp/hard\libc_nano.a(lib_a-malloc.o)
                0x00000000080051f4                malloc
 .text.free     0x0000000008005204       0x10 c:/st/stm32cubeide_1.6.1/stm32cubeide/plugins/com.st.stm32cube.ide.mcu.externaltools.gnu-tools-for-stm32.9-2020-q2-update.win32_1.5.0.202011040924/tools/bin/../lib/gcc/arm-none-eabi/9.3.1/../../../../arm-none-eabi/lib/thumb/v7e-m+fp/hard\libc_nano.a(lib_a-malloc.o)
                0x0000000008005204                free
 .text.memset   0x0000000008005214       0x10 c:/st/stm32cubeide_1.6.1/stm32cubeide/plugins/com.st.stm32cube.ide.mcu.externaltools.gnu-tools-for-stm32.9-2020-q2-update.win32_1.5.0.202011040924/tools/bin/../lib/gcc/arm-none-eabi/9.3.1/../../../../arm-none-eabi/lib/thumb/v7e-m+fp/hard\libc_nano.a(lib_a-memset.o)
                0x0000000008005214                memset
 .text._free_r  0x0000000008005224       0xa0 c:/st/stm32cubeide_1.6.1/stm32cubeide/plugins/com.st.stm32cube.ide.mcu.externaltools.gnu-tools-for-stm32.9-2020-q2-update.win32_1.5.0.202011040924/tools/bin/../lib/gcc/arm-none-eabi/9.3.1/../../../../arm-none-eabi/lib/thumb/v7e-m+fp/hard\libc_nano.a(lib_a-nano-freer.o)
                0x0000000008005224                _free_r
 .text._malloc_r
                0x00000000080052c4       0xb4 c:/st/stm32cubeide_1.6.1/stm32cubeide/plugins/com.st.stm32cube.ide.mcu.externaltools.gnu-tools-for-stm32.9-2020-q2-update.win32_1.5.0.202011040924/tools/bin/../lib/gcc/arm-none-eabi/9.3.1/../../../../arm-none-eabi/lib/thumb/v7e-m+fp/hard\libc_nano.a(lib_a-nano-mallocr.o)
                0x00000000080052c4                _malloc_r
 .text._sbrk_r  0x0000000008005378       0x20 c:/st/stm32cubeide_1.6.1/stm32cubeide/plugins/com.st.stm32cube.ide.mcu.externaltools.gnu-tools-for-stm32.9-2020-q2-update.win32_1.5.0.202011040924/tools/bin/../lib/gcc/arm-none-eabi/9.3.1/../../../../arm-none-eabi/lib/thumb/v7e-m+fp/hard\libc_nano.a(lib_a-sbrkr.o)
                0x0000000008005378                _sbrk_r
 .text._raise_r
                0x0000000008005398       0x50 c:/st/stm32cubeide_1.6.1/stm32cubeide/plugins/com.st.stm32cube.ide.mcu.externaltools.gnu-tools-for-stm32.9-2020-q2-update.win32_1.5.0.202011040924/tools/bin/../lib/gcc/arm-none-eabi/9.3.1/../../../../arm-none-eabi/lib/thumb/v7e-m+fp/hard\libc_nano.a(lib_a-signal.o)
                0x0000000008005398                _raise_r
 .text.raise    0x00000000080053e8       0x10 c:/st/stm32cubeide_1.6.1/stm32cubeide/plugins/com.st.stm32cube.ide.mcu.externaltools.gnu-tools-for-stm32.9-2020-q2-update.win32_1.5.0.202011040924/tools/bin/../lib/gcc/arm-none-eabi/9.3.1/../../../../arm-none-eabi/lib/thumb/v7e-m+fp/hard\libc_nano.a(lib_a-signal.o)
                0x00000000080053e8                raise
 .text._kill_r  0x00000000080053f8       0x24 c:/st/stm32cubeide_1.6.1/stm32cubeide/plugins/com.st.stm32cube.ide.mcu.externaltools.gnu-tools-for-stm32.9-2020-q2-update.win32_1.5.0.202011040924/tools/bin/../lib/gcc/arm-none-eabi/9.3.1/../../../../arm-none-eabi/lib/thumb/v7e-m+fp/hard\libc_nano.a(lib_a-signalr.o)
                0x00000000080053f8                _kill_r
 .text._getpid_r
                0x000000000800541c        0x4 c:/st/stm32cubeide_1.6.1/stm32cubeide/plugins/com.st.stm32cube.ide.mcu.externaltools.gnu-tools-for-stm32.9-2020-q2-update.win32_1.5.0.202011040924/tools/bin/../lib/gcc/arm-none-eabi/9.3.1/../../../../arm-none-eabi/lib/thumb/v7e-m+fp/hard\libc_nano.a(lib_a-signalr.o)
                0x000000000800541c                _getpid_r
 .text.__malloc_lock
                0x0000000008005420        0xc c:/st/stm32cubeide_1.6.1/stm32cubeide/plugins/com.st.stm32cube.ide.mcu.externaltools.gnu-tools-for-stm32.9-2020-q2-update.win32_1.5.0.202011040924/tools/bin/../lib/gcc/arm-none-eabi/9.3.1/../../../../arm-none-eabi/lib/thumb/v7e-m+fp/hard\libc_nano.a(lib_a-mlock.o)
                0x0000000008005420                __malloc_lock
 .text.__malloc_unlock
                0x000000000800542c        0xc c:/st/stm32cubeide_1.6.1/stm32cubeide/plugins/com.st.stm32cube.ide.mcu.externaltools.gnu-tools-for-stm32.9-2020-q2-update.win32_1.5.0.202011040924/tools/bin/../lib/gcc/arm-none-eabi/9.3.1/../../../../arm-none-eabi/lib/thumb/v7e-m+fp/hard\libc_nano.a(lib_a-mlock.o)
                0x000000000800542c                __malloc_unlock
 .text.__retarget_lock_acquire_recursive
                0x0000000008005438        0x2 c:/st/stm32cubeide_1.6.1/stm32cubeide/plugins/com.st.stm32cube.ide.mcu.externaltools.gnu-tools-for-stm32.9-2020-q2-update.win32_1.5.0.202011040924/tools/bin/../lib/gcc/arm-none-eabi/9.3.1/../../../../arm-none-eabi/lib/thumb/v7e-m+fp/hard\libc_nano.a(lib_a-lock.o)
                0x0000000008005438                __retarget_lock_acquire_recursive
 .text.__retarget_lock_release_recursive
                0x000000000800543a        0x2 c:/st/stm32cubeide_1.6.1/stm32cubeide/plugins/com.st.stm32cube.ide.mcu.externaltools.gnu-tools-for-stm32.9-2020-q2-update.win32_1.5.0.202011040924/tools/bin/../lib/gcc/arm-none-eabi/9.3.1/../../../../arm-none-eabi/lib/thumb/v7e-m+fp/hard\libc_nano.a(lib_a-lock.o)
                0x000000000800543a                __retarget_lock_release_recursive
 *(.glue_7)
 .glue_7        0x000000000800543c        0x0 linker stubs
 *(.glue_7t)
 .glue_7t       0x000000000800543c        0x0 linker stubs
 *(.eh_frame)
 .eh_frame      0x000000000800543c        0x0 c:/st/stm32cubeide_1.6.1/stm32cubeide/plugins/com.st.stm32cube.ide.mcu.externaltools.gnu-tools-for-stm32.9-2020-q2-update.win32_1.5.0.202011040924/tools/bin/../lib/gcc/arm-none-eabi/9.3.1/thumb/v7e-m+fp/hard/crtbegin.o
 *(.init)
 .init          0x000000000800543c        0x4 c:/st/stm32cubeide_1.6.1/stm32cubeide/plugins/com.st.stm32cube.ide.mcu.externaltools.gnu-tools-for-stm32.9-2020-q2-update.win32_1.5.0.202011040924/tools/bin/../lib/gcc/arm-none-eabi/9.3.1/thumb/v7e-m+fp/hard/crti.o
                0x000000000800543c                _init
 .init          0x0000000008005440        0x8 c:/st/stm32cubeide_1.6.1/stm32cubeide/plugins/com.st.stm32cube.ide.mcu.externaltools.gnu-tools-for-stm32.9-2020-q2-update.win32_1.5.0.202011040924/tools/bin/../lib/gcc/arm-none-eabi/9.3.1/thumb/v7e-m+fp/hard/crtn.o
 *(.fini)
 .fini          0x0000000008005448        0x4 c:/st/stm32cubeide_1.6.1/stm32cubeide/plugins/com.st.stm32cube.ide.mcu.externaltools.gnu-tools-for-stm32.9-2020-q2-update.win32_1.5.0.202011040924/tools/bin/../lib/gcc/arm-none-eabi/9.3.1/thumb/v7e-m+fp/hard/crti.o
                0x0000000008005448                _fini
 .fini          0x000000000800544c        0x8 c:/st/stm32cubeide_1.6.1/stm32cubeide/plugins/com.st.stm32cube.ide.mcu.externaltools.gnu-tools-for-stm32.9-2020-q2-update.win32_1.5.0.202011040924/tools/bin/../lib/gcc/arm-none-eabi/9.3.1/thumb/v7e-m+fp/hard/crtn.o
                0x0000000008005454                . = ALIGN (0x4)
                0x0000000008005454                _etext = .

.vfp11_veneer   0x0000000008005454        0x0
 .vfp11_veneer  0x0000000008005454        0x0 linker stubs

.v4_bx          0x0000000008005454        0x0
 .v4_bx         0x0000000008005454        0x0 linker stubs

.iplt           0x0000000008005454        0x0
 .iplt          0x0000000008005454        0x0 c:/st/stm32cubeide_1.6.1/stm32cubeide/plugins/com.st.stm32cube.ide.mcu.externaltools.gnu-tools-for-stm32.9-2020-q2-update.win32_1.5.0.202011040924/tools/bin/../lib/gcc/arm-none-eabi/9.3.1/thumb/v7e-m+fp/hard/crtbegin.o

.rodata         0x0000000008005454       0x78
                0x0000000008005454                . = ALIGN (0x4)
 *(.rodata)
 .rodata        0x0000000008005454       0x3c Outils/Kalman_Filter/Src/kalmanFilter.o
 *(.rodata*)
 .rodata.AHBPrescTable
                0x0000000008005490       0x10 Core/Src/system_stm32f3xx.o
                0x0000000008005490                AHBPrescTable
 .rodata.APBPrescTable
                0x00000000080054a0        0x8 Core/Src/system_stm32f3xx.o
                0x00000000080054a0                APBPrescTable
 .rodata.aPLLMULFactorTable
                0x00000000080054a8       0x10 Drivers/STM32F3xx_HAL_Driver/Src/stm32f3xx_hal_rcc.o
                0x00000000080054a8                aPLLMULFactorTable
 .rodata.aPredivFactorTable
                0x00000000080054b8       0x10 Drivers/STM32F3xx_HAL_Driver/Src/stm32f3xx_hal_rcc.o
                0x00000000080054b8                aPredivFactorTable
 .rodata.asin.str1.1
                0x00000000080054c8        0x1 c:/st/stm32cubeide_1.6.1/stm32cubeide/plugins/com.st.stm32cube.ide.mcu.externaltools.gnu-tools-for-stm32.9-2020-q2-update.win32_1.5.0.202011040924/tools/bin/../lib/gcc/arm-none-eabi/9.3.1/../../../../arm-none-eabi/lib/thumb/v7e-m+fp/hard\libm.a(lib_a-w_asin.o)
                0x00000000080054cc                . = ALIGN (0x4)
 *fill*         0x00000000080054c9        0x3 

.rel.dyn        0x00000000080054cc        0x0
 .rel.iplt      0x00000000080054cc        0x0 c:/st/stm32cubeide_1.6.1/stm32cubeide/plugins/com.st.stm32cube.ide.mcu.externaltools.gnu-tools-for-stm32.9-2020-q2-update.win32_1.5.0.202011040924/tools/bin/../lib/gcc/arm-none-eabi/9.3.1/thumb/v7e-m+fp/hard/crtbegin.o

.ARM.extab      0x00000000080054cc        0x0
                0x00000000080054cc                . = ALIGN (0x4)
 *(.ARM.extab* .gnu.linkonce.armextab.*)
                0x00000000080054cc                . = ALIGN (0x4)

.ARM            0x00000000080054cc        0x0
                0x00000000080054cc                . = ALIGN (0x4)
                0x00000000080054cc                __exidx_start = .
 *(.ARM.exidx*)
                0x00000000080054cc                __exidx_end = .
                0x00000000080054cc                . = ALIGN (0x4)

.preinit_array  0x00000000080054cc        0x0
                0x00000000080054cc                . = ALIGN (0x4)
                0x00000000080054cc                PROVIDE (__preinit_array_start = .)
 *(.preinit_array*)
                0x00000000080054cc                PROVIDE (__preinit_array_end = .)
                0x00000000080054cc                . = ALIGN (0x4)

.init_array     0x00000000080054cc        0x4
                0x00000000080054cc                . = ALIGN (0x4)
                0x00000000080054cc                PROVIDE (__init_array_start = .)
 *(SORT_BY_NAME(.init_array.*))
 *(.init_array*)
 .init_array    0x00000000080054cc        0x4 c:/st/stm32cubeide_1.6.1/stm32cubeide/plugins/com.st.stm32cube.ide.mcu.externaltools.gnu-tools-for-stm32.9-2020-q2-update.win32_1.5.0.202011040924/tools/bin/../lib/gcc/arm-none-eabi/9.3.1/thumb/v7e-m+fp/hard/crtbegin.o
                0x00000000080054d0                PROVIDE (__init_array_end = .)
                0x00000000080054d0                . = ALIGN (0x4)

.fini_array     0x00000000080054d0        0x4
                0x00000000080054d0                . = ALIGN (0x4)
                [!provide]                        PROVIDE (__fini_array_start = .)
 *(SORT_BY_NAME(.fini_array.*))
 *(.fini_array*)
 .fini_array    0x00000000080054d0        0x4 c:/st/stm32cubeide_1.6.1/stm32cubeide/plugins/com.st.stm32cube.ide.mcu.externaltools.gnu-tools-for-stm32.9-2020-q2-update.win32_1.5.0.202011040924/tools/bin/../lib/gcc/arm-none-eabi/9.3.1/thumb/v7e-m+fp/hard/crtbegin.o
                [!provide]                        PROVIDE (__fini_array_end = .)
                0x00000000080054d4                . = ALIGN (0x4)
                0x00000000080054d4                _sidata = LOADADDR (.data)

.data           0x0000000020000000       0x88 load address 0x00000000080054d4
                0x0000000020000000                . = ALIGN (0x4)
                0x0000000020000000                _sdata = .
 *(.data)
 *(.data*)
 .data.SystemCoreClock
                0x0000000020000000        0x4 Core/Src/system_stm32f3xx.o
                0x0000000020000000                SystemCoreClock
 .data.XplusCalib
                0x0000000020000004        0x4 Drivers/MPU6050/Src/mpu6050.o
                0x0000000020000004                XplusCalib
 .data.XminusCalib
                0x0000000020000008        0x4 Drivers/MPU6050/Src/mpu6050.o
                0x0000000020000008                XminusCalib
 .data.YplusCalib
                0x000000002000000c        0x4 Drivers/MPU6050/Src/mpu6050.o
                0x000000002000000c                YplusCalib
 .data.YminusCalib
                0x0000000020000010        0x4 Drivers/MPU6050/Src/mpu6050.o
                0x0000000020000010                YminusCalib
 .data.ZplusCalib
                0x0000000020000014        0x4 Drivers/MPU6050/Src/mpu6050.o
                0x0000000020000014                ZplusCalib
 .data.ZminusCalib
                0x0000000020000018        0x4 Drivers/MPU6050/Src/mpu6050.o
                0x0000000020000018                ZminusCalib
 .data.uwTickPrio
                0x000000002000001c        0x4 Drivers/STM32F3xx_HAL_Driver/Src/stm32f3xx_hal.o
                0x000000002000001c                uwTickPrio
 .data.uwTickFreq
                0x0000000020000020        0x1 Drivers/STM32F3xx_HAL_Driver/Src/stm32f3xx_hal.o
                0x0000000020000020                uwTickFreq
 .data.__fdlib_version
                0x0000000020000021        0x1 c:/st/stm32cubeide_1.6.1/stm32cubeide/plugins/com.st.stm32cube.ide.mcu.externaltools.gnu-tools-for-stm32.9-2020-q2-update.win32_1.5.0.202011040924/tools/bin/../lib/gcc/arm-none-eabi/9.3.1/../../../../arm-none-eabi/lib/thumb/v7e-m+fp/hard\libm.a(lib_a-s_lib_ver.o)
                0x0000000020000021                __fdlib_version
 *fill*         0x0000000020000022        0x2 
 .data._impure_ptr
                0x0000000020000024        0x4 c:/st/stm32cubeide_1.6.1/stm32cubeide/plugins/com.st.stm32cube.ide.mcu.externaltools.gnu-tools-for-stm32.9-2020-q2-update.win32_1.5.0.202011040924/tools/bin/../lib/gcc/arm-none-eabi/9.3.1/../../../../arm-none-eabi/lib/thumb/v7e-m+fp/hard\libc_nano.a(lib_a-impure.o)
                0x0000000020000024                _impure_ptr
 .data.impure_data
                0x0000000020000028       0x60 c:/st/stm32cubeide_1.6.1/stm32cubeide/plugins/com.st.stm32cube.ide.mcu.externaltools.gnu-tools-for-stm32.9-2020-q2-update.win32_1.5.0.202011040924/tools/bin/../lib/gcc/arm-none-eabi/9.3.1/../../../../arm-none-eabi/lib/thumb/v7e-m+fp/hard\libc_nano.a(lib_a-impure.o)
 *(.RamFunc)
 *(.RamFunc*)
                0x0000000020000088                . = ALIGN (0x4)
                0x0000000020000088                _edata = .

.igot.plt       0x0000000020000088        0x0 load address 0x000000000800555c
 .igot.plt      0x0000000020000088        0x0 c:/st/stm32cubeide_1.6.1/stm32cubeide/plugins/com.st.stm32cube.ide.mcu.externaltools.gnu-tools-for-stm32.9-2020-q2-update.win32_1.5.0.202011040924/tools/bin/../lib/gcc/arm-none-eabi/9.3.1/thumb/v7e-m+fp/hard/crtbegin.o
                0x0000000020000088                . = ALIGN (0x4)

.bss            0x0000000020000088      0x194 load address 0x000000000800555c
                0x0000000020000088                _sbss = .
                0x0000000020000088                __bss_start__ = _sbss
 *(.bss)
 .bss           0x0000000020000088       0x1c c:/st/stm32cubeide_1.6.1/stm32cubeide/plugins/com.st.stm32cube.ide.mcu.externaltools.gnu-tools-for-stm32.9-2020-q2-update.win32_1.5.0.202011040924/tools/bin/../lib/gcc/arm-none-eabi/9.3.1/thumb/v7e-m+fp/hard/crtbegin.o
 *(.bss*)
 .bss.Tick      0x00000000200000a4        0x4 Core/Src/main.o
                0x00000000200000a4                Tick
 .bss.__sbrk_heap_end
                0x00000000200000a8        0x4 Core/Src/sysmem.o
 .bss.XGeroCalib
                0x00000000200000ac        0x4 Drivers/MPU6050/Src/mpu6050.o
                0x00000000200000ac                XGeroCalib
 .bss.YGeroCalib
                0x00000000200000b0        0x4 Drivers/MPU6050/Src/mpu6050.o
                0x00000000200000b0                YGeroCalib
 .bss.ZGeroCalib
                0x00000000200000b4        0x4 Drivers/MPU6050/Src/mpu6050.o
                0x00000000200000b4                ZGeroCalib
 .bss._ZN12_GLOBAL__N_113__new_handlerE
                0x00000000200000b8        0x4 c:/st/stm32cubeide_1.6.1/stm32cubeide/plugins/com.st.stm32cube.ide.mcu.externaltools.gnu-tools-for-stm32.9-2020-q2-update.win32_1.5.0.202011040924/tools/bin/../lib/gcc/arm-none-eabi/9.3.1/../../../../arm-none-eabi/lib/thumb/v7e-m+fp/hard\libstdc++_nano.a(new_handler.o)
 .bss.__malloc_free_list
                0x00000000200000bc        0x4 c:/st/stm32cubeide_1.6.1/stm32cubeide/plugins/com.st.stm32cube.ide.mcu.externaltools.gnu-tools-for-stm32.9-2020-q2-update.win32_1.5.0.202011040924/tools/bin/../lib/gcc/arm-none-eabi/9.3.1/../../../../arm-none-eabi/lib/thumb/v7e-m+fp/hard\libc_nano.a(lib_a-nano-mallocr.o)
                0x00000000200000bc                __malloc_free_list
 .bss.__malloc_sbrk_start
                0x00000000200000c0        0x4 c:/st/stm32cubeide_1.6.1/stm32cubeide/plugins/com.st.stm32cube.ide.mcu.externaltools.gnu-tools-for-stm32.9-2020-q2-update.win32_1.5.0.202011040924/tools/bin/../lib/gcc/arm-none-eabi/9.3.1/../../../../arm-none-eabi/lib/thumb/v7e-m+fp/hard\libc_nano.a(lib_a-nano-mallocr.o)
                0x00000000200000c0                __malloc_sbrk_start
 *(COMMON)
 COMMON         0x00000000200000c4      0x144 Core/Src/main.o
                0x00000000200000c4                Gx
                0x00000000200000c8                ROLL
                0x00000000200000cc                hi2c1
                0x0000000020000118                YAW_Acc
                0x000000002000011c                Ay
                0x0000000020000120                Gy
                0x0000000020000124                hdma_usart1_rx
                0x0000000020000168                huart1
                0x00000000200001ec                PITCH_Acc
                0x00000000200001f0                Ax
                0x00000000200001f4                PITCH
                0x00000000200001f8                Az
                0x00000000200001fc                ROLL_Acc
                0x0000000020000200                Gz
                0x0000000020000204                YAW
 COMMON         0x0000000020000208        0x4 Drivers/STM32F3xx_HAL_Driver/Src/stm32f3xx_hal.o
                0x0000000020000208                uwTick
 COMMON         0x000000002000020c        0x4 c:/st/stm32cubeide_1.6.1/stm32cubeide/plugins/com.st.stm32cube.ide.mcu.externaltools.gnu-tools-for-stm32.9-2020-q2-update.win32_1.5.0.202011040924/tools/bin/../lib/gcc/arm-none-eabi/9.3.1/../../../../arm-none-eabi/lib/thumb/v7e-m+fp/hard\libc_nano.a(lib_a-reent.o)
                0x000000002000020c                errno
 COMMON         0x0000000020000210        0x9 c:/st/stm32cubeide_1.6.1/stm32cubeide/plugins/com.st.stm32cube.ide.mcu.externaltools.gnu-tools-for-stm32.9-2020-q2-update.win32_1.5.0.202011040924/tools/bin/../lib/gcc/arm-none-eabi/9.3.1/../../../../arm-none-eabi/lib/thumb/v7e-m+fp/hard\libc_nano.a(lib_a-lock.o)
                0x0000000020000210                __lock___atexit_recursive_mutex
                0x0000000020000211                __lock___arc4random_mutex
                0x0000000020000212                __lock___env_recursive_mutex
                0x0000000020000213                __lock___sinit_recursive_mutex
                0x0000000020000214                __lock___malloc_recursive_mutex
                0x0000000020000215                __lock___at_quick_exit_mutex
                0x0000000020000216                __lock___dd_hash_mutex
                0x0000000020000217                __lock___tz_mutex
                0x0000000020000218                __lock___sfp_recursive_mutex
                0x000000002000021c                . = ALIGN (0x4)
 *fill*         0x0000000020000219        0x3 
                0x000000002000021c                _ebss = .
                0x000000002000021c                __bss_end__ = _ebss

._user_heap_stack
                0x000000002000021c      0x604 load address 0x000000000800555c
                0x0000000020000220                . = ALIGN (0x8)
 *fill*         0x000000002000021c        0x4 
                [!provide]                        PROVIDE (end = .)
                0x0000000020000220                PROVIDE (_end = .)
                0x0000000020000420                . = (. + _Min_Heap_Size)
 *fill*         0x0000000020000220      0x200 
                0x0000000020000820                . = (. + _Min_Stack_Size)
 *fill*         0x0000000020000420      0x400 
                0x0000000020000820                . = ALIGN (0x8)

/DISCARD/
 libc.a(*)
 libm.a(*)
 libgcc.a(*)

.ARM.attributes
                0x0000000000000000       0x30
 *(.ARM.attributes)
 .ARM.attributes
                0x0000000000000000       0x1e c:/st/stm32cubeide_1.6.1/stm32cubeide/plugins/com.st.stm32cube.ide.mcu.externaltools.gnu-tools-for-stm32.9-2020-q2-update.win32_1.5.0.202011040924/tools/bin/../lib/gcc/arm-none-eabi/9.3.1/thumb/v7e-m+fp/hard/crti.o
 .ARM.attributes
                0x000000000000001e       0x34 c:/st/stm32cubeide_1.6.1/stm32cubeide/plugins/com.st.stm32cube.ide.mcu.externaltools.gnu-tools-for-stm32.9-2020-q2-update.win32_1.5.0.202011040924/tools/bin/../lib/gcc/arm-none-eabi/9.3.1/thumb/v7e-m+fp/hard/crtbegin.o
 .ARM.attributes
                0x0000000000000052       0x34 Core/Src/main.o
 .ARM.attributes
                0x0000000000000086       0x34 Core/Src/stm32f3xx_hal_msp.o
 .ARM.attributes
                0x00000000000000ba       0x34 Core/Src/stm32f3xx_it.o
 .ARM.attributes
                0x00000000000000ee       0x34 Core/Src/syscalls.o
 .ARM.attributes
                0x0000000000000122       0x34 Core/Src/sysmem.o
 .ARM.attributes
                0x0000000000000156       0x34 Core/Src/system_stm32f3xx.o
 .ARM.attributes
                0x000000000000018a       0x21 Core/Startup/startup_stm32f303vctx.o
 .ARM.attributes
                0x00000000000001ab       0x34 Drivers/MPU6050/Src/mpu6050.o
 .ARM.attributes
                0x00000000000001df       0x34 Drivers/STM32F3xx_HAL_Driver/Src/stm32f3xx_hal.o
 .ARM.attributes
                0x0000000000000213       0x34 Drivers/STM32F3xx_HAL_Driver/Src/stm32f3xx_hal_cortex.o
 .ARM.attributes
                0x0000000000000247       0x34 Drivers/STM32F3xx_HAL_Driver/Src/stm32f3xx_hal_dma.o
 .ARM.attributes
                0x000000000000027b       0x34 Drivers/STM32F3xx_HAL_Driver/Src/stm32f3xx_hal_gpio.o
 .ARM.attributes
                0x00000000000002af       0x34 Drivers/STM32F3xx_HAL_Driver/Src/stm32f3xx_hal_i2c.o
 .ARM.attributes
                0x00000000000002e3       0x34 Drivers/STM32F3xx_HAL_Driver/Src/stm32f3xx_hal_i2c_ex.o
 .ARM.attributes
                0x0000000000000317       0x34 Drivers/STM32F3xx_HAL_Driver/Src/stm32f3xx_hal_rcc.o
 .ARM.attributes
                0x000000000000034b       0x34 Drivers/STM32F3xx_HAL_Driver/Src/stm32f3xx_hal_rcc_ex.o
 .ARM.attributes
                0x000000000000037f       0x34 Drivers/STM32F3xx_HAL_Driver/Src/stm32f3xx_hal_uart.o
 .ARM.attributes
                0x00000000000003b3       0x34 Outils/CWrapper_KalmanFilter/Src/CWrapper_KalmanFilter.o
 .ARM.attributes
                0x00000000000003e7       0x34 Outils/Kalman_Filter/Src/kalmanFilter.o
 .ARM.attributes
                0x000000000000041b       0x34 c:/st/stm32cubeide_1.6.1/stm32cubeide/plugins/com.st.stm32cube.ide.mcu.externaltools.gnu-tools-for-stm32.9-2020-q2-update.win32_1.5.0.202011040924/tools/bin/../lib/gcc/arm-none-eabi/9.3.1/../../../../arm-none-eabi/lib/thumb/v7e-m+fp/hard\libstdc++_nano.a(del_ops.o)
 .ARM.attributes
                0x000000000000044f       0x34 c:/st/stm32cubeide_1.6.1/stm32cubeide/plugins/com.st.stm32cube.ide.mcu.externaltools.gnu-tools-for-stm32.9-2020-q2-update.win32_1.5.0.202011040924/tools/bin/../lib/gcc/arm-none-eabi/9.3.1/../../../../arm-none-eabi/lib/thumb/v7e-m+fp/hard\libstdc++_nano.a(new_op.o)
 .ARM.attributes
                0x0000000000000483       0x34 c:/st/stm32cubeide_1.6.1/stm32cubeide/plugins/com.st.stm32cube.ide.mcu.externaltools.gnu-tools-for-stm32.9-2020-q2-update.win32_1.5.0.202011040924/tools/bin/../lib/gcc/arm-none-eabi/9.3.1/../../../../arm-none-eabi/lib/thumb/v7e-m+fp/hard\libstdc++_nano.a(del_op.o)
 .ARM.attributes
                0x00000000000004b7       0x34 c:/st/stm32cubeide_1.6.1/stm32cubeide/plugins/com.st.stm32cube.ide.mcu.externaltools.gnu-tools-for-stm32.9-2020-q2-update.win32_1.5.0.202011040924/tools/bin/../lib/gcc/arm-none-eabi/9.3.1/../../../../arm-none-eabi/lib/thumb/v7e-m+fp/hard\libstdc++_nano.a(new_handler.o)
 .ARM.attributes
                0x00000000000004eb       0x34 c:/st/stm32cubeide_1.6.1/stm32cubeide/plugins/com.st.stm32cube.ide.mcu.externaltools.gnu-tools-for-stm32.9-2020-q2-update.win32_1.5.0.202011040924/tools/bin/../lib/gcc/arm-none-eabi/9.3.1/../../../../arm-none-eabi/lib/thumb/v7e-m+fp/hard\libm.a(lib_a-w_asin.o)
 .ARM.attributes
                0x000000000000051f       0x34 c:/st/stm32cubeide_1.6.1/stm32cubeide/plugins/com.st.stm32cube.ide.mcu.externaltools.gnu-tools-for-stm32.9-2020-q2-update.win32_1.5.0.202011040924/tools/bin/../lib/gcc/arm-none-eabi/9.3.1/../../../../arm-none-eabi/lib/thumb/v7e-m+fp/hard\libm.a(lib_a-w_sqrt.o)
 .ARM.attributes
                0x0000000000000553       0x34 c:/st/stm32cubeide_1.6.1/stm32cubeide/plugins/com.st.stm32cube.ide.mcu.externaltools.gnu-tools-for-stm32.9-2020-q2-update.win32_1.5.0.202011040924/tools/bin/../lib/gcc/arm-none-eabi/9.3.1/../../../../arm-none-eabi/lib/thumb/v7e-m+fp/hard\libm.a(lib_a-e_asin.o)
 .ARM.attributes
                0x0000000000000587       0x34 c:/st/stm32cubeide_1.6.1/stm32cubeide/plugins/com.st.stm32cube.ide.mcu.externaltools.gnu-tools-for-stm32.9-2020-q2-update.win32_1.5.0.202011040924/tools/bin/../lib/gcc/arm-none-eabi/9.3.1/../../../../arm-none-eabi/lib/thumb/v7e-m+fp/hard\libm.a(lib_a-e_sqrt.o)
 .ARM.attributes
                0x00000000000005bb       0x34 c:/st/stm32cubeide_1.6.1/stm32cubeide/plugins/com.st.stm32cube.ide.mcu.externaltools.gnu-tools-for-stm32.9-2020-q2-update.win32_1.5.0.202011040924/tools/bin/../lib/gcc/arm-none-eabi/9.3.1/../../../../arm-none-eabi/lib/thumb/v7e-m+fp/hard\libm.a(lib_a-s_fabs.o)
 .ARM.attributes
                0x00000000000005ef       0x32 c:/st/stm32cubeide_1.6.1/stm32cubeide/plugins/com.st.stm32cube.ide.mcu.externaltools.gnu-tools-for-stm32.9-2020-q2-update.win32_1.5.0.202011040924/tools/bin/../lib/gcc/arm-none-eabi/9.3.1/../../../../arm-none-eabi/lib/thumb/v7e-m+fp/hard\libm.a(lib_a-s_lib_ver.o)
 .ARM.attributes
                0x0000000000000621       0x34 c:/st/stm32cubeide_1.6.1/stm32cubeide/plugins/com.st.stm32cube.ide.mcu.externaltools.gnu-tools-for-stm32.9-2020-q2-update.win32_1.5.0.202011040924/tools/bin/../lib/gcc/arm-none-eabi/9.3.1/../../../../arm-none-eabi/lib/thumb/v7e-m+fp/hard\libm.a(lib_a-s_nan.o)
 .ARM.attributes
                0x0000000000000655       0x34 c:/st/stm32cubeide_1.6.1/stm32cubeide/plugins/com.st.stm32cube.ide.mcu.externaltools.gnu-tools-for-stm32.9-2020-q2-update.win32_1.5.0.202011040924/tools/bin/../lib/gcc/arm-none-eabi/9.3.1/../../../../arm-none-eabi/lib/thumb/v7e-m+fp/hard\libc_nano.a(lib_a-abort.o)
 .ARM.attributes
                0x0000000000000689       0x34 c:/st/stm32cubeide_1.6.1/stm32cubeide/plugins/com.st.stm32cube.ide.mcu.externaltools.gnu-tools-for-stm32.9-2020-q2-update.win32_1.5.0.202011040924/tools/bin/../lib/gcc/arm-none-eabi/9.3.1/../../../../arm-none-eabi/lib/thumb/v7e-m+fp/hard\libc_nano.a(lib_a-errno.o)
 .ARM.attributes
                0x00000000000006bd       0x32 c:/st/stm32cubeide_1.6.1/stm32cubeide/plugins/com.st.stm32cube.ide.mcu.externaltools.gnu-tools-for-stm32.9-2020-q2-update.win32_1.5.0.202011040924/tools/bin/../lib/gcc/arm-none-eabi/9.3.1/../../../../arm-none-eabi/lib/thumb/v7e-m+fp/hard\libc_nano.a(lib_a-impure.o)
 .ARM.attributes
                0x00000000000006ef       0x34 c:/st/stm32cubeide_1.6.1/stm32cubeide/plugins/com.st.stm32cube.ide.mcu.externaltools.gnu-tools-for-stm32.9-2020-q2-update.win32_1.5.0.202011040924/tools/bin/../lib/gcc/arm-none-eabi/9.3.1/../../../../arm-none-eabi/lib/thumb/v7e-m+fp/hard\libc_nano.a(lib_a-init.o)
 .ARM.attributes
                0x0000000000000723       0x34 c:/st/stm32cubeide_1.6.1/stm32cubeide/plugins/com.st.stm32cube.ide.mcu.externaltools.gnu-tools-for-stm32.9-2020-q2-update.win32_1.5.0.202011040924/tools/bin/../lib/gcc/arm-none-eabi/9.3.1/../../../../arm-none-eabi/lib/thumb/v7e-m+fp/hard\libc_nano.a(lib_a-malloc.o)
 .ARM.attributes
                0x0000000000000757       0x34 c:/st/stm32cubeide_1.6.1/stm32cubeide/plugins/com.st.stm32cube.ide.mcu.externaltools.gnu-tools-for-stm32.9-2020-q2-update.win32_1.5.0.202011040924/tools/bin/../lib/gcc/arm-none-eabi/9.3.1/../../../../arm-none-eabi/lib/thumb/v7e-m+fp/hard\libc_nano.a(lib_a-memset.o)
 .ARM.attributes
                0x000000000000078b       0x34 c:/st/stm32cubeide_1.6.1/stm32cubeide/plugins/com.st.stm32cube.ide.mcu.externaltools.gnu-tools-for-stm32.9-2020-q2-update.win32_1.5.0.202011040924/tools/bin/../lib/gcc/arm-none-eabi/9.3.1/../../../../arm-none-eabi/lib/thumb/v7e-m+fp/hard\libc_nano.a(lib_a-nano-freer.o)
 .ARM.attributes
                0x00000000000007bf       0x34 c:/st/stm32cubeide_1.6.1/stm32cubeide/plugins/com.st.stm32cube.ide.mcu.externaltools.gnu-tools-for-stm32.9-2020-q2-update.win32_1.5.0.202011040924/tools/bin/../lib/gcc/arm-none-eabi/9.3.1/../../../../arm-none-eabi/lib/thumb/v7e-m+fp/hard\libc_nano.a(lib_a-nano-mallocr.o)
 .ARM.attributes
                0x00000000000007f3       0x34 c:/st/stm32cubeide_1.6.1/stm32cubeide/plugins/com.st.stm32cube.ide.mcu.externaltools.gnu-tools-for-stm32.9-2020-q2-update.win32_1.5.0.202011040924/tools/bin/../lib/gcc/arm-none-eabi/9.3.1/../../../../arm-none-eabi/lib/thumb/v7e-m+fp/hard\libc_nano.a(lib_a-sbrkr.o)
 .ARM.attributes
                0x0000000000000827       0x34 c:/st/stm32cubeide_1.6.1/stm32cubeide/plugins/com.st.stm32cube.ide.mcu.externaltools.gnu-tools-for-stm32.9-2020-q2-update.win32_1.5.0.202011040924/tools/bin/../lib/gcc/arm-none-eabi/9.3.1/../../../../arm-none-eabi/lib/thumb/v7e-m+fp/hard\libc_nano.a(lib_a-signal.o)
 .ARM.attributes
                0x000000000000085b       0x34 c:/st/stm32cubeide_1.6.1/stm32cubeide/plugins/com.st.stm32cube.ide.mcu.externaltools.gnu-tools-for-stm32.9-2020-q2-update.win32_1.5.0.202011040924/tools/bin/../lib/gcc/arm-none-eabi/9.3.1/../../../../arm-none-eabi/lib/thumb/v7e-m+fp/hard\libc_nano.a(lib_a-signalr.o)
 .ARM.attributes
                0x000000000000088f       0x34 c:/st/stm32cubeide_1.6.1/stm32cubeide/plugins/com.st.stm32cube.ide.mcu.externaltools.gnu-tools-for-stm32.9-2020-q2-update.win32_1.5.0.202011040924/tools/bin/../lib/gcc/arm-none-eabi/9.3.1/../../../../arm-none-eabi/lib/thumb/v7e-m+fp/hard\libc_nano.a(lib_a-mlock.o)
 .ARM.attributes
                0x00000000000008c3       0x34 c:/st/stm32cubeide_1.6.1/stm32cubeide/plugins/com.st.stm32cube.ide.mcu.externaltools.gnu-tools-for-stm32.9-2020-q2-update.win32_1.5.0.202011040924/tools/bin/../lib/gcc/arm-none-eabi/9.3.1/../../../../arm-none-eabi/lib/thumb/v7e-m+fp/hard\libc_nano.a(lib_a-reent.o)
 .ARM.attributes
                0x00000000000008f7       0x34 c:/st/stm32cubeide_1.6.1/stm32cubeide/plugins/com.st.stm32cube.ide.mcu.externaltools.gnu-tools-for-stm32.9-2020-q2-update.win32_1.5.0.202011040924/tools/bin/../lib/gcc/arm-none-eabi/9.3.1/../../../../arm-none-eabi/lib/thumb/v7e-m+fp/hard\libc_nano.a(lib_a-lock.o)
 .ARM.attributes
                0x000000000000092b       0x1e c:/st/stm32cubeide_1.6.1/stm32cubeide/plugins/com.st.stm32cube.ide.mcu.externaltools.gnu-tools-for-stm32.9-2020-q2-update.win32_1.5.0.202011040924/tools/bin/../lib/gcc/arm-none-eabi/9.3.1/thumb/v7e-m+fp/hard\libgcc.a(_arm_addsubdf3.o)
 .ARM.attributes
                0x0000000000000949       0x1e c:/st/stm32cubeide_1.6.1/stm32cubeide/plugins/com.st.stm32cube.ide.mcu.externaltools.gnu-tools-for-stm32.9-2020-q2-update.win32_1.5.0.202011040924/tools/bin/../lib/gcc/arm-none-eabi/9.3.1/thumb/v7e-m+fp/hard\libgcc.a(_arm_muldivdf3.o)
 .ARM.attributes
                0x0000000000000967       0x1e c:/st/stm32cubeide_1.6.1/stm32cubeide/plugins/com.st.stm32cube.ide.mcu.externaltools.gnu-tools-for-stm32.9-2020-q2-update.win32_1.5.0.202011040924/tools/bin/../lib/gcc/arm-none-eabi/9.3.1/thumb/v7e-m+fp/hard\libgcc.a(_arm_cmpdf2.o)
 .ARM.attributes
                0x0000000000000985       0x1e c:/st/stm32cubeide_1.6.1/stm32cubeide/plugins/com.st.stm32cube.ide.mcu.externaltools.gnu-tools-for-stm32.9-2020-q2-update.win32_1.5.0.202011040924/tools/bin/../lib/gcc/arm-none-eabi/9.3.1/thumb/v7e-m+fp/hard\libgcc.a(_arm_unorddf2.o)
 .ARM.attributes
                0x00000000000009a3       0x1e c:/st/stm32cubeide_1.6.1/stm32cubeide/plugins/com.st.stm32cube.ide.mcu.externaltools.gnu-tools-for-stm32.9-2020-q2-update.win32_1.5.0.202011040924/tools/bin/../lib/gcc/arm-none-eabi/9.3.1/thumb/v7e-m+fp/hard\libgcc.a(_arm_truncdfsf2.o)
 .ARM.attributes
                0x00000000000009c1       0x1e c:/st/stm32cubeide_1.6.1/stm32cubeide/plugins/com.st.stm32cube.ide.mcu.externaltools.gnu-tools-for-stm32.9-2020-q2-update.win32_1.5.0.202011040924/tools/bin/../lib/gcc/arm-none-eabi/9.3.1/thumb/v7e-m+fp/hard/crtn.o
OUTPUT(F3_MPU6050_KalmanFilter.elf elf32-littlearm)
LOAD linker stubs
LOAD c:/st/stm32cubeide_1.6.1/stm32cubeide/plugins/com.st.stm32cube.ide.mcu.externaltools.gnu-tools-for-stm32.9-2020-q2-update.win32_1.5.0.202011040924/tools/bin/../lib/gcc/arm-none-eabi/9.3.1/../../../../arm-none-eabi/lib/thumb/v7e-m+fp/hard\libc.a
LOAD c:/st/stm32cubeide_1.6.1/stm32cubeide/plugins/com.st.stm32cube.ide.mcu.externaltools.gnu-tools-for-stm32.9-2020-q2-update.win32_1.5.0.202011040924/tools/bin/../lib/gcc/arm-none-eabi/9.3.1/../../../../arm-none-eabi/lib/thumb/v7e-m+fp/hard\libm.a
LOAD c:/st/stm32cubeide_1.6.1/stm32cubeide/plugins/com.st.stm32cube.ide.mcu.externaltools.gnu-tools-for-stm32.9-2020-q2-update.win32_1.5.0.202011040924/tools/bin/../lib/gcc/arm-none-eabi/9.3.1/thumb/v7e-m+fp/hard\libgcc.a

.debug_info     0x0000000000000000    0x131fb
 .debug_info    0x0000000000000000     0x1dc4 Core/Src/main.o
 .debug_info    0x0000000000001dc4     0x163a Core/Src/stm32f3xx_hal_msp.o
 .debug_info    0x00000000000033fe     0x139a Core/Src/stm32f3xx_it.o
 .debug_info    0x0000000000004798      0xfa8 Core/Src/syscalls.o
 .debug_info    0x0000000000005740      0xa25 Core/Src/sysmem.o
 .debug_info    0x0000000000006165      0x49a Core/Src/system_stm32f3xx.o
 .debug_info    0x00000000000065ff       0x22 Core/Startup/startup_stm32f303vctx.o
 .debug_info    0x0000000000006621     0x185c Drivers/MPU6050/Src/mpu6050.o
 .debug_info    0x0000000000007e7d      0x83d Drivers/STM32F3xx_HAL_Driver/Src/stm32f3xx_hal.o
 .debug_info    0x00000000000086ba      0xe44 Drivers/STM32F3xx_HAL_Driver/Src/stm32f3xx_hal_cortex.o
 .debug_info    0x00000000000094fe      0x839 Drivers/STM32F3xx_HAL_Driver/Src/stm32f3xx_hal_dma.o
 .debug_info    0x0000000000009d37      0x779 Drivers/STM32F3xx_HAL_Driver/Src/stm32f3xx_hal_gpio.o
 .debug_info    0x000000000000a4b0     0x21c4 Drivers/STM32F3xx_HAL_Driver/Src/stm32f3xx_hal_i2c.o
 .debug_info    0x000000000000c674      0x968 Drivers/STM32F3xx_HAL_Driver/Src/stm32f3xx_hal_i2c_ex.o
 .debug_info    0x000000000000cfdc     0x15b5 Drivers/STM32F3xx_HAL_Driver/Src/stm32f3xx_hal_rcc.o
 .debug_info    0x000000000000e591      0x6b4 Drivers/STM32F3xx_HAL_Driver/Src/stm32f3xx_hal_rcc_ex.o
 .debug_info    0x000000000000ec45     0x17f6 Drivers/STM32F3xx_HAL_Driver/Src/stm32f3xx_hal_uart.o
 .debug_info    0x000000000001043b      0x35a Outils/CWrapper_KalmanFilter/Src/CWrapper_KalmanFilter.o
 .debug_info    0x0000000000010795     0x2a66 Outils/Kalman_Filter/Src/kalmanFilter.o

.debug_abbrev   0x0000000000000000     0x29ba
 .debug_abbrev  0x0000000000000000      0x362 Core/Src/main.o
 .debug_abbrev  0x0000000000000362      0x22b Core/Src/stm32f3xx_hal_msp.o
 .debug_abbrev  0x000000000000058d      0x1f3 Core/Src/stm32f3xx_it.o
 .debug_abbrev  0x0000000000000780      0x286 Core/Src/syscalls.o
 .debug_abbrev  0x0000000000000a06      0x1bf Core/Src/sysmem.o
 .debug_abbrev  0x0000000000000bc5      0x145 Core/Src/system_stm32f3xx.o
 .debug_abbrev  0x0000000000000d0a       0x12 Core/Startup/startup_stm32f303vctx.o
 .debug_abbrev  0x0000000000000d1c      0x280 Drivers/MPU6050/Src/mpu6050.o
 .debug_abbrev  0x0000000000000f9c      0x1ed Drivers/STM32F3xx_HAL_Driver/Src/stm32f3xx_hal.o
 .debug_abbrev  0x0000000000001189      0x33c Drivers/STM32F3xx_HAL_Driver/Src/stm32f3xx_hal_cortex.o
 .debug_abbrev  0x00000000000014c5      0x228 Drivers/STM32F3xx_HAL_Driver/Src/stm32f3xx_hal_dma.o
 .debug_abbrev  0x00000000000016ed      0x1e8 Drivers/STM32F3xx_HAL_Driver/Src/stm32f3xx_hal_gpio.o
 .debug_abbrev  0x00000000000018d5      0x256 Drivers/STM32F3xx_HAL_Driver/Src/stm32f3xx_hal_i2c.o
 .debug_abbrev  0x0000000000001b2b      0x1dd Drivers/STM32F3xx_HAL_Driver/Src/stm32f3xx_hal_i2c_ex.o
 .debug_abbrev  0x0000000000001d08      0x2c4 Drivers/STM32F3xx_HAL_Driver/Src/stm32f3xx_hal_rcc.o
 .debug_abbrev  0x0000000000001fcc      0x23e Drivers/STM32F3xx_HAL_Driver/Src/stm32f3xx_hal_rcc_ex.o
 .debug_abbrev  0x000000000000220a      0x23f Drivers/STM32F3xx_HAL_Driver/Src/stm32f3xx_hal_uart.o
 .debug_abbrev  0x0000000000002449      0x172 Outils/CWrapper_KalmanFilter/Src/CWrapper_KalmanFilter.o
 .debug_abbrev  0x00000000000025bb      0x3ff Outils/Kalman_Filter/Src/kalmanFilter.o

.debug_aranges  0x0000000000000000      0xbb8
 .debug_aranges
                0x0000000000000000       0x70 Core/Src/main.o
 .debug_aranges
                0x0000000000000070       0x40 Core/Src/stm32f3xx_hal_msp.o
 .debug_aranges
                0x00000000000000b0       0x68 Core/Src/stm32f3xx_it.o
 .debug_aranges
                0x0000000000000118       0xa8 Core/Src/syscalls.o
 .debug_aranges
                0x00000000000001c0       0x20 Core/Src/sysmem.o
 .debug_aranges
                0x00000000000001e0       0x28 Core/Src/system_stm32f3xx.o
 .debug_aranges
                0x0000000000000208       0x28 Core/Startup/startup_stm32f303vctx.o
 .debug_aranges
                0x0000000000000230       0x60 Drivers/MPU6050/Src/mpu6050.o
 .debug_aranges
                0x0000000000000290       0xe0 Drivers/STM32F3xx_HAL_Driver/Src/stm32f3xx_hal.o
 .debug_aranges
                0x0000000000000370      0x118 Drivers/STM32F3xx_HAL_Driver/Src/stm32f3xx_hal_cortex.o
 .debug_aranges
                0x0000000000000488       0x88 Drivers/STM32F3xx_HAL_Driver/Src/stm32f3xx_hal_dma.o
 .debug_aranges
                0x0000000000000510       0x58 Drivers/STM32F3xx_HAL_Driver/Src/stm32f3xx_hal_gpio.o
 .debug_aranges
                0x0000000000000568      0x290 Drivers/STM32F3xx_HAL_Driver/Src/stm32f3xx_hal_i2c.o
 .debug_aranges
                0x00000000000007f8       0x48 Drivers/STM32F3xx_HAL_Driver/Src/stm32f3xx_hal_i2c_ex.o
 .debug_aranges
                0x0000000000000840       0x88 Drivers/STM32F3xx_HAL_Driver/Src/stm32f3xx_hal_rcc.o
 .debug_aranges
                0x00000000000008c8       0x38 Drivers/STM32F3xx_HAL_Driver/Src/stm32f3xx_hal_rcc_ex.o
 .debug_aranges
                0x0000000000000900      0x228 Drivers/STM32F3xx_HAL_Driver/Src/stm32f3xx_hal_uart.o
 .debug_aranges
                0x0000000000000b28       0x48 Outils/CWrapper_KalmanFilter/Src/CWrapper_KalmanFilter.o
 .debug_aranges
                0x0000000000000b70       0x48 Outils/Kalman_Filter/Src/kalmanFilter.o

.debug_ranges   0x0000000000000000      0xac0
 .debug_ranges  0x0000000000000000       0x60 Core/Src/main.o
 .debug_ranges  0x0000000000000060       0x30 Core/Src/stm32f3xx_hal_msp.o
 .debug_ranges  0x0000000000000090       0x58 Core/Src/stm32f3xx_it.o
 .debug_ranges  0x00000000000000e8       0x98 Core/Src/syscalls.o
 .debug_ranges  0x0000000000000180       0x10 Core/Src/sysmem.o
 .debug_ranges  0x0000000000000190       0x18 Core/Src/system_stm32f3xx.o
 .debug_ranges  0x00000000000001a8       0x20 Core/Startup/startup_stm32f303vctx.o
 .debug_ranges  0x00000000000001c8       0x50 Drivers/MPU6050/Src/mpu6050.o
 .debug_ranges  0x0000000000000218       0xd0 Drivers/STM32F3xx_HAL_Driver/Src/stm32f3xx_hal.o
 .debug_ranges  0x00000000000002e8      0x108 Drivers/STM32F3xx_HAL_Driver/Src/stm32f3xx_hal_cortex.o
 .debug_ranges  0x00000000000003f0       0x78 Drivers/STM32F3xx_HAL_Driver/Src/stm32f3xx_hal_dma.o
 .debug_ranges  0x0000000000000468       0x48 Drivers/STM32F3xx_HAL_Driver/Src/stm32f3xx_hal_gpio.o
 .debug_ranges  0x00000000000004b0      0x280 Drivers/STM32F3xx_HAL_Driver/Src/stm32f3xx_hal_i2c.o
 .debug_ranges  0x0000000000000730       0x38 Drivers/STM32F3xx_HAL_Driver/Src/stm32f3xx_hal_i2c_ex.o
 .debug_ranges  0x0000000000000768       0x78 Drivers/STM32F3xx_HAL_Driver/Src/stm32f3xx_hal_rcc.o
 .debug_ranges  0x00000000000007e0       0x28 Drivers/STM32F3xx_HAL_Driver/Src/stm32f3xx_hal_rcc_ex.o
 .debug_ranges  0x0000000000000808      0x248 Drivers/STM32F3xx_HAL_Driver/Src/stm32f3xx_hal_uart.o
 .debug_ranges  0x0000000000000a50       0x38 Outils/CWrapper_KalmanFilter/Src/CWrapper_KalmanFilter.o
 .debug_ranges  0x0000000000000a88       0x38 Outils/Kalman_Filter/Src/kalmanFilter.o

.debug_macro    0x0000000000000000    0x20b19
 .debug_macro   0x0000000000000000      0x35d Core/Src/main.o
 .debug_macro   0x000000000000035d      0xaa8 Core/Src/main.o
 .debug_macro   0x0000000000000e05      0x151 Core/Src/main.o
 .debug_macro   0x0000000000000f56       0x2e Core/Src/main.o
 .debug_macro   0x0000000000000f84       0x28 Core/Src/main.o
 .debug_macro   0x0000000000000fac       0x22 Core/Src/main.o
 .debug_macro   0x0000000000000fce       0x8e Core/Src/main.o
 .debug_macro   0x000000000000105c       0x51 Core/Src/main.o
 .debug_macro   0x00000000000010ad      0x103 Core/Src/main.o
 .debug_macro   0x00000000000011b0       0x6a Core/Src/main.o
 .debug_macro   0x000000000000121a      0x1df Core/Src/main.o
 .debug_macro   0x00000000000013f9       0x1c Core/Src/main.o
 .debug_macro   0x0000000000001415       0x22 Core/Src/main.o
 .debug_macro   0x0000000000001437       0xdf Core/Src/main.o
 .debug_macro   0x0000000000001516     0x102d Core/Src/main.o
 .debug_macro   0x0000000000002543      0x11f Core/Src/main.o
 .debug_macro   0x0000000000002662    0x12a33 Core/Src/main.o
 .debug_macro   0x0000000000015095       0x43 Core/Src/main.o
 .debug_macro   0x00000000000150d8     0x35e9 Core/Src/main.o
 .debug_macro   0x00000000000186c1      0x174 Core/Src/main.o
 .debug_macro   0x0000000000018835       0x55 Core/Src/main.o
 .debug_macro   0x000000000001888a      0x962 Core/Src/main.o
 .debug_macro   0x00000000000191ec      0x5fe Core/Src/main.o
 .debug_macro   0x00000000000197ea      0x12f Core/Src/main.o
 .debug_macro   0x0000000000019919      0x1fb Core/Src/main.o
 .debug_macro   0x0000000000019b14      0x1dc Core/Src/main.o
 .debug_macro   0x0000000000019cf0      0x1bc Core/Src/main.o
 .debug_macro   0x0000000000019eac       0x30 Core/Src/main.o
 .debug_macro   0x0000000000019edc       0x3c Core/Src/main.o
 .debug_macro   0x0000000000019f18      0x236 Core/Src/main.o
 .debug_macro   0x000000000001a14e       0xc5 Core/Src/main.o
 .debug_macro   0x000000000001a213      0x21d Core/Src/main.o
 .debug_macro   0x000000000001a430      0x22c Core/Src/main.o
 .debug_macro   0x000000000001a65c       0x5b Core/Src/main.o
 .debug_macro   0x000000000001a6b7       0xa5 Core/Src/main.o
 .debug_macro   0x000000000001a75c       0x81 Core/Src/main.o
 .debug_macro   0x000000000001a7dd       0xd3 Core/Src/main.o
 .debug_macro   0x000000000001a8b0      0x5a5 Core/Src/main.o
 .debug_macro   0x000000000001ae55       0x3e Core/Src/main.o
 .debug_macro   0x000000000001ae93      0x275 Core/Src/main.o
 .debug_macro   0x000000000001b108       0x52 Core/Src/main.o
 .debug_macro   0x000000000001b15a       0x18 Core/Src/main.o
 .debug_macro   0x000000000001b172       0x3c Core/Src/main.o
 .debug_macro   0x000000000001b1ae       0x34 Core/Src/main.o
 .debug_macro   0x000000000001b1e2       0x16 Core/Src/main.o
 .debug_macro   0x000000000001b1f8       0x35 Core/Src/main.o
 .debug_macro   0x000000000001b22d      0x333 Core/Src/main.o
 .debug_macro   0x000000000001b560       0x10 Core/Src/main.o
 .debug_macro   0x000000000001b570       0x16 Core/Src/main.o
 .debug_macro   0x000000000001b586       0x43 Core/Src/main.o
 .debug_macro   0x000000000001b5c9       0x34 Core/Src/main.o
 .debug_macro   0x000000000001b5fd       0x10 Core/Src/main.o
 .debug_macro   0x000000000001b60d       0x58 Core/Src/main.o
 .debug_macro   0x000000000001b665       0x71 Core/Src/main.o
 .debug_macro   0x000000000001b6d6       0x1c Core/Src/main.o
 .debug_macro   0x000000000001b6f2      0x12a Core/Src/main.o
 .debug_macro   0x000000000001b81c       0x10 Core/Src/main.o
 .debug_macro   0x000000000001b82c       0x1c Core/Src/main.o
 .debug_macro   0x000000000001b848       0x52 Core/Src/main.o
 .debug_macro   0x000000000001b89a       0x22 Core/Src/main.o
 .debug_macro   0x000000000001b8bc       0x10 Core/Src/main.o
 .debug_macro   0x000000000001b8cc       0x40 Core/Src/main.o
 .debug_macro   0x000000000001b90c       0xd5 Core/Src/main.o
 .debug_macro   0x000000000001b9e1       0x1c Core/Src/main.o
 .debug_macro   0x000000000001b9fd       0x3d Core/Src/main.o
 .debug_macro   0x000000000001ba3a       0x16 Core/Src/main.o
 .debug_macro   0x000000000001ba50      0x145 Core/Src/main.o
 .debug_macro   0x000000000001bb95       0x8e Core/Src/main.o
 .debug_macro   0x000000000001bc23      0x1a9 Core/Src/main.o
 .debug_macro   0x000000000001bdcc       0x9a Core/Src/main.o
 .debug_macro   0x000000000001be66      0x331 Core/Src/stm32f3xx_hal_msp.o
 .debug_macro   0x000000000001c197      0x33b Core/Src/stm32f3xx_it.o
 .debug_macro   0x000000000001c4d2      0x24c Core/Src/syscalls.o
 .debug_macro   0x000000000001c71e       0x4c Core/Src/syscalls.o
 .debug_macro   0x000000000001c76a       0x94 Core/Src/syscalls.o
 .debug_macro   0x000000000001c7fe       0x57 Core/Src/syscalls.o
 .debug_macro   0x000000000001c855      0x339 Core/Src/syscalls.o
 .debug_macro   0x000000000001cb8e       0x10 Core/Src/syscalls.o
 .debug_macro   0x000000000001cb9e       0x10 Core/Src/syscalls.o
 .debug_macro   0x000000000001cbae       0x10 Core/Src/syscalls.o
 .debug_macro   0x000000000001cbbe       0x35 Core/Src/syscalls.o
 .debug_macro   0x000000000001cbf3      0x12c Core/Src/syscalls.o
 .debug_macro   0x000000000001cd1f       0x16 Core/Src/syscalls.o
 .debug_macro   0x000000000001cd35       0x16 Core/Src/syscalls.o
 .debug_macro   0x000000000001cd4b       0x29 Core/Src/syscalls.o
 .debug_macro   0x000000000001cd74       0x10 Core/Src/syscalls.o
 .debug_macro   0x000000000001cd84      0x241 Core/Src/syscalls.o
 .debug_macro   0x000000000001cfc5       0x1c Core/Src/syscalls.o
 .debug_macro   0x000000000001cfe1       0x10 Core/Src/syscalls.o
 .debug_macro   0x000000000001cff1      0x189 Core/Src/syscalls.o
 .debug_macro   0x000000000001d17a       0x16 Core/Src/syscalls.o
 .debug_macro   0x000000000001d190       0xce Core/Src/syscalls.o
 .debug_macro   0x000000000001d25e       0xff Core/Src/sysmem.o
 .debug_macro   0x000000000001d35d      0x23b Core/Src/sysmem.o
 .debug_macro   0x000000000001d598      0x1c3 Core/Src/system_stm32f3xx.o
 .debug_macro   0x000000000001d75b      0x34d Drivers/MPU6050/Src/mpu6050.o
 .debug_macro   0x000000000001daa8       0xd9 Drivers/MPU6050/Src/mpu6050.o
 .debug_macro   0x000000000001db81       0x4f Drivers/MPU6050/Src/mpu6050.o
 .debug_macro   0x000000000001dbd0      0x1e7 Drivers/STM32F3xx_HAL_Driver/Src/stm32f3xx_hal.o
 .debug_macro   0x000000000001ddb7      0x1c3 Drivers/STM32F3xx_HAL_Driver/Src/stm32f3xx_hal_cortex.o
 .debug_macro   0x000000000001df7a      0x1c3 Drivers/STM32F3xx_HAL_Driver/Src/stm32f3xx_hal_dma.o
 .debug_macro   0x000000000001e13d      0x1fb Drivers/STM32F3xx_HAL_Driver/Src/stm32f3xx_hal_gpio.o
 .debug_macro   0x000000000001e338      0x288 Drivers/STM32F3xx_HAL_Driver/Src/stm32f3xx_hal_i2c.o
 .debug_macro   0x000000000001e5c0      0x1c3 Drivers/STM32F3xx_HAL_Driver/Src/stm32f3xx_hal_i2c_ex.o
 .debug_macro   0x000000000001e783      0x1e7 Drivers/STM32F3xx_HAL_Driver/Src/stm32f3xx_hal_rcc.o
 .debug_macro   0x000000000001e96a      0x1c3 Drivers/STM32F3xx_HAL_Driver/Src/stm32f3xx_hal_rcc_ex.o
 .debug_macro   0x000000000001eb2d      0x1e0 Drivers/STM32F3xx_HAL_Driver/Src/stm32f3xx_hal_uart.o
 .debug_macro   0x000000000001ed0d       0x25 Outils/CWrapper_KalmanFilter/Src/CWrapper_KalmanFilter.o
 .debug_macro   0x000000000001ed32      0xb80 Outils/CWrapper_KalmanFilter/Src/CWrapper_KalmanFilter.o
 .debug_macro   0x000000000001f8b2      0x183 Outils/Kalman_Filter/Src/kalmanFilter.o
 .debug_macro   0x000000000001fa35      0x17c Outils/Kalman_Filter/Src/kalmanFilter.o
 .debug_macro   0x000000000001fbb1       0x10 Outils/Kalman_Filter/Src/kalmanFilter.o
 .debug_macro   0x000000000001fbc1      0x41e Outils/Kalman_Filter/Src/kalmanFilter.o
 .debug_macro   0x000000000001ffdf       0x18 Outils/Kalman_Filter/Src/kalmanFilter.o
 .debug_macro   0x000000000001fff7       0x34 Outils/Kalman_Filter/Src/kalmanFilter.o
 .debug_macro   0x000000000002002b      0x17b Outils/Kalman_Filter/Src/kalmanFilter.o
 .debug_macro   0x00000000000201a6       0x43 Outils/Kalman_Filter/Src/kalmanFilter.o
 .debug_macro   0x00000000000201e9       0x16 Outils/Kalman_Filter/Src/kalmanFilter.o
 .debug_macro   0x00000000000201ff      0x35c Outils/Kalman_Filter/Src/kalmanFilter.o
 .debug_macro   0x000000000002055b      0x1a2 Outils/Kalman_Filter/Src/kalmanFilter.o
 .debug_macro   0x00000000000206fd       0x10 Outils/Kalman_Filter/Src/kalmanFilter.o
 .debug_macro   0x000000000002070d       0x35 Outils/Kalman_Filter/Src/kalmanFilter.o
 .debug_macro   0x0000000000020742       0x10 Outils/Kalman_Filter/Src/kalmanFilter.o
 .debug_macro   0x0000000000020752      0x3c7 Outils/Kalman_Filter/Src/kalmanFilter.o

.debug_line     0x0000000000000000     0xf248
 .debug_line    0x0000000000000000      0xbcf Core/Src/main.o
 .debug_line    0x0000000000000bcf      0x961 Core/Src/stm32f3xx_hal_msp.o
 .debug_line    0x0000000000001530      0x97c Core/Src/stm32f3xx_it.o
 .debug_line    0x0000000000001eac      0x802 Core/Src/syscalls.o
 .debug_line    0x00000000000026ae      0x4f8 Core/Src/sysmem.o
 .debug_line    0x0000000000002ba6      0x737 Core/Src/system_stm32f3xx.o
 .debug_line    0x00000000000032dd       0x88 Core/Startup/startup_stm32f303vctx.o
 .debug_line    0x0000000000003365      0xbd5 Drivers/MPU6050/Src/mpu6050.o
 .debug_line    0x0000000000003f3a      0x96c Drivers/STM32F3xx_HAL_Driver/Src/stm32f3xx_hal.o
 .debug_line    0x00000000000048a6      0xc31 Drivers/STM32F3xx_HAL_Driver/Src/stm32f3xx_hal_cortex.o
 .debug_line    0x00000000000054d7      0xc7e Drivers/STM32F3xx_HAL_Driver/Src/stm32f3xx_hal_dma.o
 .debug_line    0x0000000000006155      0xad7 Drivers/STM32F3xx_HAL_Driver/Src/stm32f3xx_hal_gpio.o
 .debug_line    0x0000000000006c2c     0x3281 Drivers/STM32F3xx_HAL_Driver/Src/stm32f3xx_hal_i2c.o
 .debug_line    0x0000000000009ead      0x8de Drivers/STM32F3xx_HAL_Driver/Src/stm32f3xx_hal_i2c_ex.o
 .debug_line    0x000000000000a78b     0x1346 Drivers/STM32F3xx_HAL_Driver/Src/stm32f3xx_hal_rcc.o
 .debug_line    0x000000000000bad1      0xcd6 Drivers/STM32F3xx_HAL_Driver/Src/stm32f3xx_hal_rcc_ex.o
 .debug_line    0x000000000000c7a7     0x1c45 Drivers/STM32F3xx_HAL_Driver/Src/stm32f3xx_hal_uart.o
 .debug_line    0x000000000000e3ec      0x1cf Outils/CWrapper_KalmanFilter/Src/CWrapper_KalmanFilter.o
 .debug_line    0x000000000000e5bb      0xc8d Outils/Kalman_Filter/Src/kalmanFilter.o

.debug_str      0x0000000000000000    0xb3752
 .debug_str     0x0000000000000000    0xac8ef Core/Src/main.o
                                      0xad296 (size before relaxing)
 .debug_str     0x00000000000ac8ef       0x7d Core/Src/stm32f3xx_hal_msp.o
                                      0xac05c (size before relaxing)
 .debug_str     0x00000000000ac96c       0xd6 Core/Src/stm32f3xx_it.o
                                      0xabff3 (size before relaxing)
 .debug_str     0x00000000000aca42     0x1762 Core/Src/syscalls.o
                                       0x8ed3 (size before relaxing)
 .debug_str     0x00000000000ae1a4       0x6b Core/Src/sysmem.o
                                       0x62a6 (size before relaxing)
 .debug_str     0x00000000000ae20f       0xb3 Core/Src/system_stm32f3xx.o
                                      0xa768d (size before relaxing)
 .debug_str     0x00000000000ae2c2       0x36 Core/Startup/startup_stm32f303vctx.o
                                         0x77 (size before relaxing)
 .debug_str     0x00000000000ae2f8      0x1af Drivers/MPU6050/Src/mpu6050.o
                                      0xacb73 (size before relaxing)
 .debug_str     0x00000000000ae4a7      0x2f5 Drivers/STM32F3xx_HAL_Driver/Src/stm32f3xx_hal.o
                                      0xa7e29 (size before relaxing)
 .debug_str     0x00000000000ae79c      0x3b1 Drivers/STM32F3xx_HAL_Driver/Src/stm32f3xx_hal_cortex.o
                                      0xa7f37 (size before relaxing)
 .debug_str     0x00000000000aeb4d      0x24d Drivers/STM32F3xx_HAL_Driver/Src/stm32f3xx_hal_dma.o
                                      0xa7a07 (size before relaxing)
 .debug_str     0x00000000000aed9a      0x224 Drivers/STM32F3xx_HAL_Driver/Src/stm32f3xx_hal_gpio.o
                                      0xa78f3 (size before relaxing)
 .debug_str     0x00000000000aefbe      0xdc0 Drivers/STM32F3xx_HAL_Driver/Src/stm32f3xx_hal_i2c.o
                                      0xa88e1 (size before relaxing)
 .debug_str     0x00000000000afd7e       0xb8 Drivers/STM32F3xx_HAL_Driver/Src/stm32f3xx_hal_i2c_ex.o
                                      0xa7bc4 (size before relaxing)
 .debug_str     0x00000000000afe36      0x2e5 Drivers/STM32F3xx_HAL_Driver/Src/stm32f3xx_hal_rcc.o
                                      0xa7afb (size before relaxing)
 .debug_str     0x00000000000b011b       0xd8 Drivers/STM32F3xx_HAL_Driver/Src/stm32f3xx_hal_rcc_ex.o
                                      0xa78bf (size before relaxing)
 .debug_str     0x00000000000b01f3      0x85e Drivers/STM32F3xx_HAL_Driver/Src/stm32f3xx_hal_uart.o
                                      0xa82e8 (size before relaxing)
 .debug_str     0x00000000000b0a51      0x76e Outils/CWrapper_KalmanFilter/Src/CWrapper_KalmanFilter.o
                                       0x33d9 (size before relaxing)
 .debug_str     0x00000000000b11bf     0x2593 Outils/Kalman_Filter/Src/kalmanFilter.o
                                       0x9a7a (size before relaxing)

.comment        0x0000000000000000       0x53
 .comment       0x0000000000000000       0x53 Core/Src/main.o
                                         0x54 (size before relaxing)
 .comment       0x0000000000000053       0x54 Core/Src/stm32f3xx_hal_msp.o
 .comment       0x0000000000000053       0x54 Core/Src/stm32f3xx_it.o
 .comment       0x0000000000000053       0x54 Core/Src/syscalls.o
 .comment       0x0000000000000053       0x54 Core/Src/sysmem.o
 .comment       0x0000000000000053       0x54 Core/Src/system_stm32f3xx.o
 .comment       0x0000000000000053       0x54 Drivers/MPU6050/Src/mpu6050.o
 .comment       0x0000000000000053       0x54 Drivers/STM32F3xx_HAL_Driver/Src/stm32f3xx_hal.o
 .comment       0x0000000000000053       0x54 Drivers/STM32F3xx_HAL_Driver/Src/stm32f3xx_hal_cortex.o
 .comment       0x0000000000000053       0x54 Drivers/STM32F3xx_HAL_Driver/Src/stm32f3xx_hal_dma.o
 .comment       0x0000000000000053       0x54 Drivers/STM32F3xx_HAL_Driver/Src/stm32f3xx_hal_gpio.o
 .comment       0x0000000000000053       0x54 Drivers/STM32F3xx_HAL_Driver/Src/stm32f3xx_hal_i2c.o
 .comment       0x0000000000000053       0x54 Drivers/STM32F3xx_HAL_Driver/Src/stm32f3xx_hal_i2c_ex.o
 .comment       0x0000000000000053       0x54 Drivers/STM32F3xx_HAL_Driver/Src/stm32f3xx_hal_rcc.o
 .comment       0x0000000000000053       0x54 Drivers/STM32F3xx_HAL_Driver/Src/stm32f3xx_hal_rcc_ex.o
 .comment       0x0000000000000053       0x54 Drivers/STM32F3xx_HAL_Driver/Src/stm32f3xx_hal_uart.o
 .comment       0x0000000000000053       0x54 Outils/CWrapper_KalmanFilter/Src/CWrapper_KalmanFilter.o
 .comment       0x0000000000000053       0x54 Outils/Kalman_Filter/Src/kalmanFilter.o

.debug_frame    0x0000000000000000     0x364c
 .debug_frame   0x0000000000000000      0x17c Core/Src/main.o
 .debug_frame   0x000000000000017c       0xc4 Core/Src/stm32f3xx_hal_msp.o
 .debug_frame   0x0000000000000240      0x120 Core/Src/stm32f3xx_it.o
 .debug_frame   0x0000000000000360      0x2ac Core/Src/syscalls.o
 .debug_frame   0x000000000000060c       0x34 Core/Src/sysmem.o
 .debug_frame   0x0000000000000640       0x58 Core/Src/system_stm32f3xx.o
 .debug_frame   0x0000000000000698      0x16c Drivers/MPU6050/Src/mpu6050.o
 .debug_frame   0x0000000000000804      0x334 Drivers/STM32F3xx_HAL_Driver/Src/stm32f3xx_hal.o
 .debug_frame   0x0000000000000b38      0x498 Drivers/STM32F3xx_HAL_Driver/Src/stm32f3xx_hal_cortex.o
 .debug_frame   0x0000000000000fd0      0x224 Drivers/STM32F3xx_HAL_Driver/Src/stm32f3xx_hal_dma.o
 .debug_frame   0x00000000000011f4      0x14c Drivers/STM32F3xx_HAL_Driver/Src/stm32f3xx_hal_gpio.o
 .debug_frame   0x0000000000001340      0xbe8 Drivers/STM32F3xx_HAL_Driver/Src/stm32f3xx_hal_i2c.o
 .debug_frame   0x0000000000001f28      0x100 Drivers/STM32F3xx_HAL_Driver/Src/stm32f3xx_hal_i2c_ex.o
 .debug_frame   0x0000000000002028      0x214 Drivers/STM32F3xx_HAL_Driver/Src/stm32f3xx_hal_rcc.o
 .debug_frame   0x000000000000223c       0xb4 Drivers/STM32F3xx_HAL_Driver/Src/stm32f3xx_hal_rcc_ex.o
 .debug_frame   0x00000000000022f0      0x9e0 Drivers/STM32F3xx_HAL_Driver/Src/stm32f3xx_hal_uart.o
 .debug_frame   0x0000000000002cd0       0xe4 Outils/CWrapper_KalmanFilter/Src/CWrapper_KalmanFilter.o
 .debug_frame   0x0000000000002db4      0x110 Outils/Kalman_Filter/Src/kalmanFilter.o
 .debug_frame   0x0000000000002ec4       0x20 c:/st/stm32cubeide_1.6.1/stm32cubeide/plugins/com.st.stm32cube.ide.mcu.externaltools.gnu-tools-for-stm32.9-2020-q2-update.win32_1.5.0.202011040924/tools/bin/../lib/gcc/arm-none-eabi/9.3.1/../../../../arm-none-eabi/lib/thumb/v7e-m+fp/hard\libstdc++_nano.a(del_ops.o)
 .debug_frame   0x0000000000002ee4       0x28 c:/st/stm32cubeide_1.6.1/stm32cubeide/plugins/com.st.stm32cube.ide.mcu.externaltools.gnu-tools-for-stm32.9-2020-q2-update.win32_1.5.0.202011040924/tools/bin/../lib/gcc/arm-none-eabi/9.3.1/../../../../arm-none-eabi/lib/thumb/v7e-m+fp/hard\libstdc++_nano.a(new_op.o)
 .debug_frame   0x0000000000002f0c       0x20 c:/st/stm32cubeide_1.6.1/stm32cubeide/plugins/com.st.stm32cube.ide.mcu.externaltools.gnu-tools-for-stm32.9-2020-q2-update.win32_1.5.0.202011040924/tools/bin/../lib/gcc/arm-none-eabi/9.3.1/../../../../arm-none-eabi/lib/thumb/v7e-m+fp/hard\libstdc++_nano.a(del_op.o)
 .debug_frame   0x0000000000002f2c       0x30 c:/st/stm32cubeide_1.6.1/stm32cubeide/plugins/com.st.stm32cube.ide.mcu.externaltools.gnu-tools-for-stm32.9-2020-q2-update.win32_1.5.0.202011040924/tools/bin/../lib/gcc/arm-none-eabi/9.3.1/../../../../arm-none-eabi/lib/thumb/v7e-m+fp/hard\libstdc++_nano.a(new_handler.o)
 .debug_frame   0x0000000000002f5c       0x4c c:/st/stm32cubeide_1.6.1/stm32cubeide/plugins/com.st.stm32cube.ide.mcu.externaltools.gnu-tools-for-stm32.9-2020-q2-update.win32_1.5.0.202011040924/tools/bin/../lib/gcc/arm-none-eabi/9.3.1/../../../../arm-none-eabi/lib/thumb/v7e-m+fp/hard\libm.a(lib_a-w_asin.o)